Archive member included to satisfy reference by file (symbol)

d:/tools/hummingbird/hbird-eclipse_2018_09/gnu mcu eclipse/risc-v embedded gcc/7.2.0-4-20180606-1631/bin/../lib/gcc/riscv-none-embed/7.2.0/rv32im/ilp32\libgcc.a(muldf3.o)
                              ./src/uart.o (__muldf3)
d:/tools/hummingbird/hbird-eclipse_2018_09/gnu mcu eclipse/risc-v embedded gcc/7.2.0-4-20180606-1631/bin/../lib/gcc/riscv-none-embed/7.2.0/rv32im/ilp32\libgcc.a(subdf3.o)
                              ./src/uart.o (__subdf3)
d:/tools/hummingbird/hbird-eclipse_2018_09/gnu mcu eclipse/risc-v embedded gcc/7.2.0-4-20180606-1631/bin/../lib/gcc/riscv-none-embed/7.2.0/rv32im/ilp32\libgcc.a(fixdfsi.o)
                              ./src/uart.o (__fixdfsi)
d:/tools/hummingbird/hbird-eclipse_2018_09/gnu mcu eclipse/risc-v embedded gcc/7.2.0-4-20180606-1631/bin/../lib/gcc/riscv-none-embed/7.2.0/rv32im/ilp32\libgcc.a(floatunsidf.o)
                              ./src/uart.o (__floatunsidf)
d:/tools/hummingbird/hbird-eclipse_2018_09/gnu mcu eclipse/risc-v embedded gcc/7.2.0-4-20180606-1631/bin/../lib/gcc/riscv-none-embed/7.2.0/rv32im/ilp32\libgcc.a(_clzsi2.o)
                              d:/tools/hummingbird/hbird-eclipse_2018_09/gnu mcu eclipse/risc-v embedded gcc/7.2.0-4-20180606-1631/bin/../lib/gcc/riscv-none-embed/7.2.0/rv32im/ilp32\libgcc.a(muldf3.o) (__clzsi2)
d:/tools/hummingbird/hbird-eclipse_2018_09/gnu mcu eclipse/risc-v embedded gcc/7.2.0-4-20180606-1631/bin/../lib/gcc/riscv-none-embed/7.2.0/rv32im/ilp32\libgcc.a(_clz.o)
                              d:/tools/hummingbird/hbird-eclipse_2018_09/gnu mcu eclipse/risc-v embedded gcc/7.2.0-4-20180606-1631/bin/../lib/gcc/riscv-none-embed/7.2.0/rv32im/ilp32\libgcc.a(_clzsi2.o) (__clz_tab)

Memory Configuration

Name             Origin             Length             Attributes
SMEM             0x0000000000001000 0x0000000000010000 xr
RAM              0x0000000000000000 0x0000000000001000 xrw
//FLASH          0x0000000000100000 0x0000000000400000 xr
//RAM            0x0000000000000000 0x0000000000000400 xrw
*default*        0x0000000000000000 0xffffffffffffffff

Linker script and memory map

LOAD ./src/main.o
LOAD ./src/spi.o
LOAD ./src/start.o
LOAD ./src/uart.o
LOAD d:/tools/hummingbird/hbird-eclipse_2018_09/gnu mcu eclipse/risc-v embedded gcc/7.2.0-4-20180606-1631/bin/../lib/gcc/riscv-none-embed/7.2.0/rv32im/ilp32\libgcc.a
START GROUP
LOAD d:/tools/hummingbird/hbird-eclipse_2018_09/gnu mcu eclipse/risc-v embedded gcc/7.2.0-4-20180606-1631/bin/../lib/gcc/riscv-none-embed/7.2.0/rv32im/ilp32\libgcc.a
LOAD d:/tools/hummingbird/hbird-eclipse_2018_09/gnu mcu eclipse/risc-v embedded gcc/7.2.0-4-20180606-1631/bin/../lib/gcc/riscv-none-embed/7.2.0/../../../../riscv-none-embed/lib/rv32im/ilp32\libg.a
LOAD d:/tools/hummingbird/hbird-eclipse_2018_09/gnu mcu eclipse/risc-v embedded gcc/7.2.0-4-20180606-1631/bin/../lib/gcc/riscv-none-embed/7.2.0/../../../../riscv-none-embed/lib/rv32im/ilp32\libc.a
END GROUP
LOAD d:/tools/hummingbird/hbird-eclipse_2018_09/gnu mcu eclipse/risc-v embedded gcc/7.2.0-4-20180606-1631/bin/../lib/gcc/riscv-none-embed/7.2.0/rv32im/ilp32\libgcc.a

.text           0x0000000000001000     0x18bc
                0x0000000000001000                . = ALIGN (0x4)
 *(.text)
 .text          0x0000000000001000        0x0 ./src/main.o
 .text          0x0000000000001000        0x0 ./src/spi.o
 .text          0x0000000000001000       0xc0 ./src/start.o
 .text          0x00000000000010c0        0x0 ./src/uart.o
 .text          0x00000000000010c0        0x0 d:/tools/hummingbird/hbird-eclipse_2018_09/gnu mcu eclipse/risc-v embedded gcc/7.2.0-4-20180606-1631/bin/../lib/gcc/riscv-none-embed/7.2.0/rv32im/ilp32\libgcc.a(muldf3.o)
 .text          0x00000000000010c0        0x0 d:/tools/hummingbird/hbird-eclipse_2018_09/gnu mcu eclipse/risc-v embedded gcc/7.2.0-4-20180606-1631/bin/../lib/gcc/riscv-none-embed/7.2.0/rv32im/ilp32\libgcc.a(subdf3.o)
 .text          0x00000000000010c0        0x0 d:/tools/hummingbird/hbird-eclipse_2018_09/gnu mcu eclipse/risc-v embedded gcc/7.2.0-4-20180606-1631/bin/../lib/gcc/riscv-none-embed/7.2.0/rv32im/ilp32\libgcc.a(fixdfsi.o)
 .text          0x00000000000010c0        0x0 d:/tools/hummingbird/hbird-eclipse_2018_09/gnu mcu eclipse/risc-v embedded gcc/7.2.0-4-20180606-1631/bin/../lib/gcc/riscv-none-embed/7.2.0/rv32im/ilp32\libgcc.a(floatunsidf.o)
 .text          0x00000000000010c0        0x0 d:/tools/hummingbird/hbird-eclipse_2018_09/gnu mcu eclipse/risc-v embedded gcc/7.2.0-4-20180606-1631/bin/../lib/gcc/riscv-none-embed/7.2.0/rv32im/ilp32\libgcc.a(_clzsi2.o)
 .text          0x00000000000010c0        0x0 d:/tools/hummingbird/hbird-eclipse_2018_09/gnu mcu eclipse/risc-v embedded gcc/7.2.0-4-20180606-1631/bin/../lib/gcc/riscv-none-embed/7.2.0/rv32im/ilp32\libgcc.a(_clz.o)
 *(.text*)
 .text.led_blink
                0x00000000000010c0       0x7a ./src/main.o
                0x00000000000010c0                led_blink
 .text.startup.main
                0x000000000000113a       0x32 ./src/main.o
                0x000000000000113a                main
 .text.SPI_CS_Enable
                0x000000000000116c        0x8 ./src/spi.o
                0x000000000000116c                SPI_CS_Enable
 .text.SPI_CS_Disable
                0x0000000000001174        0x8 ./src/spi.o
                0x0000000000001174                SPI_CS_Disable
 .text.SPI_WriteData
                0x000000000000117c        0x6 ./src/spi.o
                0x000000000000117c                SPI_WriteData
 .text.SPI_ReadData
                0x0000000000001182        0xa ./src/spi.o
                0x0000000000001182                SPI_ReadData
 .text.SPI_ReadWrite
                0x000000000000118c        0xc ./src/spi.o
                0x000000000000118c                SPI_ReadWrite
 .text.print_num
                0x0000000000001198        0x6 ./src/uart.o
                0x0000000000001198                print_num
 .text.print_num.part.0
                0x000000000000119e       0x4c ./src/uart.o
 .text.put_char
                0x00000000000011ea       0x20 ./src/uart.o
                0x00000000000011ea                put_char
 .text.print_str
                0x000000000000120a       0x28 ./src/uart.o
                0x000000000000120a                print_str
 .text.print_hex
                0x0000000000001232       0x4c ./src/uart.o
                0x0000000000001232                print_hex
 .text.print_hex2
                0x000000000000127e       0x10 ./src/uart.o
                0x000000000000127e                print_hex2
 .text.print_dec
                0x000000000000128e       0x10 ./src/uart.o
                0x000000000000128e                print_dec
 .text.print_flt
                0x000000000000129e       0x78 ./src/uart.o
                0x000000000000129e                print_flt
 .text.printk   0x0000000000001316      0x134 ./src/uart.o
                0x0000000000001316                printk
 .text.getchar_prompt
                0x000000000000144a       0x84 ./src/uart.o
                0x000000000000144a                getchar_prompt
 .text.get_char
                0x00000000000014ce       0x2a ./src/uart.o
                0x00000000000014ce                get_char
 .text.__muldf3
                0x00000000000014f8      0x68c d:/tools/hummingbird/hbird-eclipse_2018_09/gnu mcu eclipse/risc-v embedded gcc/7.2.0-4-20180606-1631/bin/../lib/gcc/riscv-none-embed/7.2.0/rv32im/ilp32\libgcc.a(muldf3.o)
                0x00000000000014f8                __muldf3
 .text.__subdf3
                0x0000000000001b84      0x880 d:/tools/hummingbird/hbird-eclipse_2018_09/gnu mcu eclipse/risc-v embedded gcc/7.2.0-4-20180606-1631/bin/../lib/gcc/riscv-none-embed/7.2.0/rv32im/ilp32\libgcc.a(subdf3.o)
                0x0000000000001b84                __subdf3
 .text.__fixdfsi
                0x0000000000002404       0x84 d:/tools/hummingbird/hbird-eclipse_2018_09/gnu mcu eclipse/risc-v embedded gcc/7.2.0-4-20180606-1631/bin/../lib/gcc/riscv-none-embed/7.2.0/rv32im/ilp32\libgcc.a(fixdfsi.o)
                0x0000000000002404                __fixdfsi
 .text.__floatunsidf
                0x0000000000002488       0xc0 d:/tools/hummingbird/hbird-eclipse_2018_09/gnu mcu eclipse/risc-v embedded gcc/7.2.0-4-20180606-1631/bin/../lib/gcc/riscv-none-embed/7.2.0/rv32im/ilp32\libgcc.a(floatunsidf.o)
                0x0000000000002488                __floatunsidf
 .text.__clzsi2
                0x0000000000002548       0x94 d:/tools/hummingbird/hbird-eclipse_2018_09/gnu mcu eclipse/risc-v embedded gcc/7.2.0-4-20180606-1631/bin/../lib/gcc/riscv-none-embed/7.2.0/rv32im/ilp32\libgcc.a(_clzsi2.o)
                0x0000000000002548                __clzsi2
 *(.rodata)
 *(.rodata*)
 .rodata.led_blink.str1.4
                0x00000000000025dc       0x2e ./src/main.o
 *fill*         0x000000000000260a        0x2 
 .rodata.printk
                0x000000000000260c      0x150 ./src/uart.o
 *fill*         0x000000000000275c        0x4 
 .rodata.print_flt.cst8
                0x0000000000002760        0x8 ./src/uart.o
 .rodata.print_num.part.0.str1.4
                0x0000000000002768       0x14 ./src/uart.o
                                         0x11 (size before relaxing)
 .rodata.__muldf3
                0x000000000000277c       0x40 d:/tools/hummingbird/hbird-eclipse_2018_09/gnu mcu eclipse/risc-v embedded gcc/7.2.0-4-20180606-1631/bin/../lib/gcc/riscv-none-embed/7.2.0/rv32im/ilp32\libgcc.a(muldf3.o)
 .rodata.__clz_tab
                0x00000000000027bc      0x100 d:/tools/hummingbird/hbird-eclipse_2018_09/gnu mcu eclipse/risc-v embedded gcc/7.2.0-4-20180606-1631/bin/../lib/gcc/riscv-none-embed/7.2.0/rv32im/ilp32\libgcc.a(_clz.o)
                0x00000000000027bc                __clz_tab
 *(.srodata)
 *(.srodata*)
                0x00000000000028bc                . = ALIGN (0x4)
                0x00000000000028bc                _etext = .
                0x00000000000028bc                _sidata = _etext

.rela.dyn       0x00000000000028bc        0x0
 .rela.text.led_blink
                0x00000000000028bc        0x0 ./src/main.o
 .rela.text.startup.main
                0x00000000000028bc        0x0 ./src/main.o
 .rela.text     0x00000000000028bc        0x0 ./src/main.o
 .rela.text.print_flt
                0x00000000000028bc        0x0 ./src/main.o
 .rela.text.__muldf3
                0x00000000000028bc        0x0 ./src/main.o
 .rela.text.__subdf3
                0x00000000000028bc        0x0 ./src/main.o
 .rela.text.__floatunsidf
                0x00000000000028bc        0x0 ./src/main.o
 .rela.text.__clzsi2
                0x00000000000028bc        0x0 ./src/main.o

.data           0x0000000000000000        0x0 load address 0x00000000000028bc
                0x0000000000000000                . = ALIGN (0x4)
                0x0000000000000000                _sdata = .
                0x0000000000000000                _ram_start = .
                0x0000000000000000                . = ALIGN (0x4)
 *(.data)
 .data          0x0000000000000000        0x0 ./src/main.o
 .data          0x0000000000000000        0x0 ./src/spi.o
 .data          0x0000000000000000        0x0 ./src/start.o
 .data          0x0000000000000000        0x0 ./src/uart.o
 .data          0x0000000000000000        0x0 d:/tools/hummingbird/hbird-eclipse_2018_09/gnu mcu eclipse/risc-v embedded gcc/7.2.0-4-20180606-1631/bin/../lib/gcc/riscv-none-embed/7.2.0/rv32im/ilp32\libgcc.a(muldf3.o)
 .data          0x0000000000000000        0x0 d:/tools/hummingbird/hbird-eclipse_2018_09/gnu mcu eclipse/risc-v embedded gcc/7.2.0-4-20180606-1631/bin/../lib/gcc/riscv-none-embed/7.2.0/rv32im/ilp32\libgcc.a(subdf3.o)
 .data          0x0000000000000000        0x0 d:/tools/hummingbird/hbird-eclipse_2018_09/gnu mcu eclipse/risc-v embedded gcc/7.2.0-4-20180606-1631/bin/../lib/gcc/riscv-none-embed/7.2.0/rv32im/ilp32\libgcc.a(fixdfsi.o)
 .data          0x0000000000000000        0x0 d:/tools/hummingbird/hbird-eclipse_2018_09/gnu mcu eclipse/risc-v embedded gcc/7.2.0-4-20180606-1631/bin/../lib/gcc/riscv-none-embed/7.2.0/rv32im/ilp32\libgcc.a(floatunsidf.o)
 .data          0x0000000000000000        0x0 d:/tools/hummingbird/hbird-eclipse_2018_09/gnu mcu eclipse/risc-v embedded gcc/7.2.0-4-20180606-1631/bin/../lib/gcc/riscv-none-embed/7.2.0/rv32im/ilp32\libgcc.a(_clzsi2.o)
 .data          0x0000000000000000        0x0 d:/tools/hummingbird/hbird-eclipse_2018_09/gnu mcu eclipse/risc-v embedded gcc/7.2.0-4-20180606-1631/bin/../lib/gcc/riscv-none-embed/7.2.0/rv32im/ilp32\libgcc.a(_clz.o)
 *(.data*)
 *(.sdata)
 *(.sdata*)
                0x0000000000000000                . = ALIGN (0x4)
                0x0000000000000000                _edata = .

.bss            0x0000000000000000        0x4 load address 0x00000000000028bc
                0x0000000000000000                . = ALIGN (0x4)
                0x0000000000000000                _sbss = .
 *(.bss)
 .bss           0x0000000000000000        0x0 ./src/main.o
 .bss           0x0000000000000000        0x0 ./src/spi.o
 .bss           0x0000000000000000        0x0 ./src/start.o
 .bss           0x0000000000000000        0x0 ./src/uart.o
 .bss           0x0000000000000000        0x0 d:/tools/hummingbird/hbird-eclipse_2018_09/gnu mcu eclipse/risc-v embedded gcc/7.2.0-4-20180606-1631/bin/../lib/gcc/riscv-none-embed/7.2.0/rv32im/ilp32\libgcc.a(muldf3.o)
 .bss           0x0000000000000000        0x0 d:/tools/hummingbird/hbird-eclipse_2018_09/gnu mcu eclipse/risc-v embedded gcc/7.2.0-4-20180606-1631/bin/../lib/gcc/riscv-none-embed/7.2.0/rv32im/ilp32\libgcc.a(subdf3.o)
 .bss           0x0000000000000000        0x0 d:/tools/hummingbird/hbird-eclipse_2018_09/gnu mcu eclipse/risc-v embedded gcc/7.2.0-4-20180606-1631/bin/../lib/gcc/riscv-none-embed/7.2.0/rv32im/ilp32\libgcc.a(fixdfsi.o)
 .bss           0x0000000000000000        0x0 d:/tools/hummingbird/hbird-eclipse_2018_09/gnu mcu eclipse/risc-v embedded gcc/7.2.0-4-20180606-1631/bin/../lib/gcc/riscv-none-embed/7.2.0/rv32im/ilp32\libgcc.a(floatunsidf.o)
 .bss           0x0000000000000000        0x0 d:/tools/hummingbird/hbird-eclipse_2018_09/gnu mcu eclipse/risc-v embedded gcc/7.2.0-4-20180606-1631/bin/../lib/gcc/riscv-none-embed/7.2.0/rv32im/ilp32\libgcc.a(_clzsi2.o)
 .bss           0x0000000000000000        0x0 d:/tools/hummingbird/hbird-eclipse_2018_09/gnu mcu eclipse/risc-v embedded gcc/7.2.0-4-20180606-1631/bin/../lib/gcc/riscv-none-embed/7.2.0/rv32im/ilp32\libgcc.a(_clz.o)
 *(.bss*)
 *(.sbss)
 *(.sbss*)
 .sbss.temp_data
                0x0000000000000000        0x4 ./src/main.o
                0x0000000000000000                temp_data
 *(COMMON)
                0x0000000000000004                . = ALIGN (0x4)
                0x0000000000000004                _ebss = .

.heap           0x0000000000000004        0x0
                0x0000000000000004                . = ALIGN (0x4)
                0x0000000000000004                _heap_start = .
OUTPUT(pico_test_1.elf elf32-littleriscv)

.debug_info     0x0000000000000000     0x23da
 .debug_info    0x0000000000000000      0x9e4 ./src/main.o
 .debug_info    0x00000000000009e4      0x991 ./src/spi.o
 .debug_info    0x0000000000001375       0x26 ./src/start.o
 .debug_info    0x000000000000139b     0x103f ./src/uart.o

.debug_abbrev   0x0000000000000000      0x7ec
 .debug_abbrev  0x0000000000000000      0x223 ./src/main.o
 .debug_abbrev  0x0000000000000223      0x251 ./src/spi.o
 .debug_abbrev  0x0000000000000474       0x14 ./src/start.o
 .debug_abbrev  0x0000000000000488      0x364 ./src/uart.o

.debug_loc      0x0000000000000000      0x797
 .debug_loc     0x0000000000000000       0x6c ./src/main.o
 .debug_loc     0x000000000000006c       0x34 ./src/spi.o
 .debug_loc     0x00000000000000a0      0x6f7 ./src/uart.o

.debug_aranges  0x0000000000000000       0xf8
 .debug_aranges
                0x0000000000000000       0x28 ./src/main.o
 .debug_aranges
                0x0000000000000028       0x40 ./src/spi.o
 .debug_aranges
                0x0000000000000068       0x20 ./src/start.o
 .debug_aranges
                0x0000000000000088       0x70 ./src/uart.o

.debug_ranges   0x0000000000000000      0x330
 .debug_ranges  0x0000000000000000       0x18 ./src/main.o
 .debug_ranges  0x0000000000000018       0x30 ./src/spi.o
 .debug_ranges  0x0000000000000048      0x2e8 ./src/uart.o

.debug_line     0x0000000000000000      0xe0c
 .debug_line    0x0000000000000000      0x315 ./src/main.o
 .debug_line    0x0000000000000315      0x29d ./src/spi.o
 .debug_line    0x00000000000005b2      0x16f ./src/start.o
 .debug_line    0x0000000000000721      0x6eb ./src/uart.o

.debug_str      0x0000000000000000      0x691
 .debug_str     0x0000000000000000      0x57f ./src/main.o
                                        0x5ed (size before relaxing)
 .debug_str     0x000000000000057f       0x29 ./src/spi.o
                                        0x5e8 (size before relaxing)
 .debug_str     0x00000000000005a8       0x1b ./src/start.o
                                         0x58 (size before relaxing)
 .debug_str     0x00000000000005c3       0xce ./src/uart.o
                                        0x668 (size before relaxing)

.comment        0x0000000000000000       0x3a
 .comment       0x0000000000000000       0x3a ./src/main.o
                                         0x3b (size before relaxing)
 .comment       0x000000000000003a       0x3b ./src/spi.o
 .comment       0x000000000000003a       0x3b ./src/uart.o

.debug_frame    0x0000000000000000      0x33c
 .debug_frame   0x0000000000000000       0x5c ./src/main.o
 .debug_frame   0x000000000000005c       0x60 ./src/spi.o
 .debug_frame   0x00000000000000bc      0x178 ./src/uart.o
 .debug_frame   0x0000000000000234       0x54 d:/tools/hummingbird/hbird-eclipse_2018_09/gnu mcu eclipse/risc-v embedded gcc/7.2.0-4-20180606-1631/bin/../lib/gcc/riscv-none-embed/7.2.0/rv32im/ilp32\libgcc.a(muldf3.o)
 .debug_frame   0x0000000000000288       0x40 d:/tools/hummingbird/hbird-eclipse_2018_09/gnu mcu eclipse/risc-v embedded gcc/7.2.0-4-20180606-1631/bin/../lib/gcc/riscv-none-embed/7.2.0/rv32im/ilp32\libgcc.a(subdf3.o)
 .debug_frame   0x00000000000002c8       0x20 d:/tools/hummingbird/hbird-eclipse_2018_09/gnu mcu eclipse/risc-v embedded gcc/7.2.0-4-20180606-1631/bin/../lib/gcc/riscv-none-embed/7.2.0/rv32im/ilp32\libgcc.a(fixdfsi.o)
 .debug_frame   0x00000000000002e8       0x34 d:/tools/hummingbird/hbird-eclipse_2018_09/gnu mcu eclipse/risc-v embedded gcc/7.2.0-4-20180606-1631/bin/../lib/gcc/riscv-none-embed/7.2.0/rv32im/ilp32\libgcc.a(floatunsidf.o)
 .debug_frame   0x000000000000031c       0x20 d:/tools/hummingbird/hbird-eclipse_2018_09/gnu mcu eclipse/risc-v embedded gcc/7.2.0-4-20180606-1631/bin/../lib/gcc/riscv-none-embed/7.2.0/rv32im/ilp32\libgcc.a(_clzsi2.o)
