Archive member included to satisfy reference by file (symbol)

d:/tools/hummingbird/hbird-eclipse_2018_09/gnu mcu eclipse/risc-v embedded gcc/7.2.0-4-20180606-1631/bin/../lib/gcc/riscv-none-embed/7.2.0/rv32im/ilp32\libgcc.a(muldf3.o)
                              ./src/uart.o (__muldf3)
d:/tools/hummingbird/hbird-eclipse_2018_09/gnu mcu eclipse/risc-v embedded gcc/7.2.0-4-20180606-1631/bin/../lib/gcc/riscv-none-embed/7.2.0/rv32im/ilp32\libgcc.a(subdf3.o)
                              ./src/uart.o (__subdf3)
d:/tools/hummingbird/hbird-eclipse_2018_09/gnu mcu eclipse/risc-v embedded gcc/7.2.0-4-20180606-1631/bin/../lib/gcc/riscv-none-embed/7.2.0/rv32im/ilp32\libgcc.a(fixdfsi.o)
                              ./src/uart.o (__fixdfsi)
d:/tools/hummingbird/hbird-eclipse_2018_09/gnu mcu eclipse/risc-v embedded gcc/7.2.0-4-20180606-1631/bin/../lib/gcc/riscv-none-embed/7.2.0/rv32im/ilp32\libgcc.a(floatunsidf.o)
                              ./src/uart.o (__floatunsidf)
d:/tools/hummingbird/hbird-eclipse_2018_09/gnu mcu eclipse/risc-v embedded gcc/7.2.0-4-20180606-1631/bin/../lib/gcc/riscv-none-embed/7.2.0/rv32im/ilp32\libgcc.a(_clzsi2.o)
                              d:/tools/hummingbird/hbird-eclipse_2018_09/gnu mcu eclipse/risc-v embedded gcc/7.2.0-4-20180606-1631/bin/../lib/gcc/riscv-none-embed/7.2.0/rv32im/ilp32\libgcc.a(muldf3.o) (__clzsi2)
d:/tools/hummingbird/hbird-eclipse_2018_09/gnu mcu eclipse/risc-v embedded gcc/7.2.0-4-20180606-1631/bin/../lib/gcc/riscv-none-embed/7.2.0/rv32im/ilp32\libgcc.a(_clz.o)
                              d:/tools/hummingbird/hbird-eclipse_2018_09/gnu mcu eclipse/risc-v embedded gcc/7.2.0-4-20180606-1631/bin/../lib/gcc/riscv-none-embed/7.2.0/rv32im/ilp32\libgcc.a(_clzsi2.o) (__clz_tab)

Memory Configuration

Name             Origin             Length             Attributes
SMEM             0x0000000000001000 0x0000000000010000 xr
RAM              0x0000000000000000 0x0000000000001000 xrw
//FLASH          0x0000000000100000 0x0000000000400000 xr
//RAM            0x0000000000000000 0x0000000000000400 xrw
*default*        0x0000000000000000 0xffffffffffffffff

Linker script and memory map

LOAD ./src/main.o
LOAD ./src/spi.o
LOAD ./src/start.o
LOAD ./src/uart.o
LOAD d:/tools/hummingbird/hbird-eclipse_2018_09/gnu mcu eclipse/risc-v embedded gcc/7.2.0-4-20180606-1631/bin/../lib/gcc/riscv-none-embed/7.2.0/rv32im/ilp32\libgcc.a
START GROUP
LOAD d:/tools/hummingbird/hbird-eclipse_2018_09/gnu mcu eclipse/risc-v embedded gcc/7.2.0-4-20180606-1631/bin/../lib/gcc/riscv-none-embed/7.2.0/rv32im/ilp32\libgcc.a
LOAD d:/tools/hummingbird/hbird-eclipse_2018_09/gnu mcu eclipse/risc-v embedded gcc/7.2.0-4-20180606-1631/bin/../lib/gcc/riscv-none-embed/7.2.0/../../../../riscv-none-embed/lib/rv32im/ilp32\libg.a
LOAD d:/tools/hummingbird/hbird-eclipse_2018_09/gnu mcu eclipse/risc-v embedded gcc/7.2.0-4-20180606-1631/bin/../lib/gcc/riscv-none-embed/7.2.0/../../../../riscv-none-embed/lib/rv32im/ilp32\libc.a
END GROUP
LOAD d:/tools/hummingbird/hbird-eclipse_2018_09/gnu mcu eclipse/risc-v embedded gcc/7.2.0-4-20180606-1631/bin/../lib/gcc/riscv-none-embed/7.2.0/rv32im/ilp32\libgcc.a

.text           0x0000000000001000     0x1974
                0x0000000000001000                . = ALIGN (0x4)
 *(.text)
 .text          0x0000000000001000        0x0 ./src/main.o
 .text          0x0000000000001000        0x0 ./src/spi.o
 .text          0x0000000000001000       0xc0 ./src/start.o
 .text          0x00000000000010c0        0x0 ./src/uart.o
 .text          0x00000000000010c0        0x0 d:/tools/hummingbird/hbird-eclipse_2018_09/gnu mcu eclipse/risc-v embedded gcc/7.2.0-4-20180606-1631/bin/../lib/gcc/riscv-none-embed/7.2.0/rv32im/ilp32\libgcc.a(muldf3.o)
 .text          0x00000000000010c0        0x0 d:/tools/hummingbird/hbird-eclipse_2018_09/gnu mcu eclipse/risc-v embedded gcc/7.2.0-4-20180606-1631/bin/../lib/gcc/riscv-none-embed/7.2.0/rv32im/ilp32\libgcc.a(subdf3.o)
 .text          0x00000000000010c0        0x0 d:/tools/hummingbird/hbird-eclipse_2018_09/gnu mcu eclipse/risc-v embedded gcc/7.2.0-4-20180606-1631/bin/../lib/gcc/riscv-none-embed/7.2.0/rv32im/ilp32\libgcc.a(fixdfsi.o)
 .text          0x00000000000010c0        0x0 d:/tools/hummingbird/hbird-eclipse_2018_09/gnu mcu eclipse/risc-v embedded gcc/7.2.0-4-20180606-1631/bin/../lib/gcc/riscv-none-embed/7.2.0/rv32im/ilp32\libgcc.a(floatunsidf.o)
 .text          0x00000000000010c0        0x0 d:/tools/hummingbird/hbird-eclipse_2018_09/gnu mcu eclipse/risc-v embedded gcc/7.2.0-4-20180606-1631/bin/../lib/gcc/riscv-none-embed/7.2.0/rv32im/ilp32\libgcc.a(_clzsi2.o)
 .text          0x00000000000010c0        0x0 d:/tools/hummingbird/hbird-eclipse_2018_09/gnu mcu eclipse/risc-v embedded gcc/7.2.0-4-20180606-1631/bin/../lib/gcc/riscv-none-embed/7.2.0/rv32im/ilp32\libgcc.a(_clz.o)
 *(.text*)
 .text.led_blink
                0x00000000000010c0       0x80 ./src/main.o
                0x00000000000010c0                led_blink
 .text.startup.main
                0x0000000000001140       0x5c ./src/main.o
                0x0000000000001140                main
 .text.SPI_CS_Enable
                0x000000000000119c        0x8 ./src/spi.o
                0x000000000000119c                SPI_CS_Enable
 .text.SPI_CS_Disable
                0x00000000000011a4        0x8 ./src/spi.o
                0x00000000000011a4                SPI_CS_Disable
 .text.SPI_WriteData
                0x00000000000011ac        0x6 ./src/spi.o
                0x00000000000011ac                SPI_WriteData
 .text.SPI_ReadData
                0x00000000000011b2        0xa ./src/spi.o
                0x00000000000011b2                SPI_ReadData
 .text.SPI_ReadWrite
                0x00000000000011bc        0xc ./src/spi.o
                0x00000000000011bc                SPI_ReadWrite
 .text.print_num
                0x00000000000011c8        0x6 ./src/uart.o
                0x00000000000011c8                print_num
 .text.print_num.part.0
                0x00000000000011ce       0x4c ./src/uart.o
 .text.put_char
                0x000000000000121a       0x20 ./src/uart.o
                0x000000000000121a                put_char
 .text.print_str
                0x000000000000123a       0x28 ./src/uart.o
                0x000000000000123a                print_str
 .text.print_hex
                0x0000000000001262       0x4c ./src/uart.o
                0x0000000000001262                print_hex
 .text.print_hex2
                0x00000000000012ae       0x10 ./src/uart.o
                0x00000000000012ae                print_hex2
 .text.print_dec
                0x00000000000012be       0x10 ./src/uart.o
                0x00000000000012be                print_dec
 .text.print_flt
                0x00000000000012ce       0x78 ./src/uart.o
                0x00000000000012ce                print_flt
 .text.printk   0x0000000000001346      0x134 ./src/uart.o
                0x0000000000001346                printk
 .text.getchar_prompt
                0x000000000000147a       0x84 ./src/uart.o
                0x000000000000147a                getchar_prompt
 .text.get_char
                0x00000000000014fe       0x2a ./src/uart.o
                0x00000000000014fe                get_char
 .text.__muldf3
                0x0000000000001528      0x68c d:/tools/hummingbird/hbird-eclipse_2018_09/gnu mcu eclipse/risc-v embedded gcc/7.2.0-4-20180606-1631/bin/../lib/gcc/riscv-none-embed/7.2.0/rv32im/ilp32\libgcc.a(muldf3.o)
                0x0000000000001528                __muldf3
 .text.__subdf3
                0x0000000000001bb4      0x880 d:/tools/hummingbird/hbird-eclipse_2018_09/gnu mcu eclipse/risc-v embedded gcc/7.2.0-4-20180606-1631/bin/../lib/gcc/riscv-none-embed/7.2.0/rv32im/ilp32\libgcc.a(subdf3.o)
                0x0000000000001bb4                __subdf3
 .text.__fixdfsi
                0x0000000000002434       0x84 d:/tools/hummingbird/hbird-eclipse_2018_09/gnu mcu eclipse/risc-v embedded gcc/7.2.0-4-20180606-1631/bin/../lib/gcc/riscv-none-embed/7.2.0/rv32im/ilp32\libgcc.a(fixdfsi.o)
                0x0000000000002434                __fixdfsi
 .text.__floatunsidf
                0x00000000000024b8       0xc0 d:/tools/hummingbird/hbird-eclipse_2018_09/gnu mcu eclipse/risc-v embedded gcc/7.2.0-4-20180606-1631/bin/../lib/gcc/riscv-none-embed/7.2.0/rv32im/ilp32\libgcc.a(floatunsidf.o)
                0x00000000000024b8                __floatunsidf
 .text.__clzsi2
                0x0000000000002578       0x94 d:/tools/hummingbird/hbird-eclipse_2018_09/gnu mcu eclipse/risc-v embedded gcc/7.2.0-4-20180606-1631/bin/../lib/gcc/riscv-none-embed/7.2.0/rv32im/ilp32\libgcc.a(_clzsi2.o)
                0x0000000000002578                __clzsi2
 *(.rodata)
 *(.rodata*)
 .rodata.led_blink.str1.4
                0x000000000000260c       0x2e ./src/main.o
 *fill*         0x000000000000263a        0x6 
 .rodata.main.cst8
                0x0000000000002640       0x10 ./src/main.o
 .rodata.main.str1.4
                0x0000000000002650       0x77 ./src/main.o
 *fill*         0x00000000000026c7        0x1 
 .rodata.printk
                0x00000000000026c8      0x150 ./src/uart.o
 .rodata.print_flt.cst8
                0x0000000000002818        0x8 ./src/uart.o
 .rodata.print_num.part.0.str1.4
                0x0000000000002820       0x14 ./src/uart.o
                                         0x11 (size before relaxing)
 .rodata.__muldf3
                0x0000000000002834       0x40 d:/tools/hummingbird/hbird-eclipse_2018_09/gnu mcu eclipse/risc-v embedded gcc/7.2.0-4-20180606-1631/bin/../lib/gcc/riscv-none-embed/7.2.0/rv32im/ilp32\libgcc.a(muldf3.o)
 .rodata.__clz_tab
                0x0000000000002874      0x100 d:/tools/hummingbird/hbird-eclipse_2018_09/gnu mcu eclipse/risc-v embedded gcc/7.2.0-4-20180606-1631/bin/../lib/gcc/riscv-none-embed/7.2.0/rv32im/ilp32\libgcc.a(_clz.o)
                0x0000000000002874                __clz_tab
 *(.srodata)
 *(.srodata*)
                0x0000000000002974                . = ALIGN (0x4)
                0x0000000000002974                _etext = .
                0x0000000000002974                _sidata = _etext

.rela.dyn       0x0000000000002974        0x0
 .rela.text.led_blink
                0x0000000000002974        0x0 ./src/main.o
 .rela.text.startup.main
                0x0000000000002974        0x0 ./src/main.o
 .rela.text     0x0000000000002974        0x0 ./src/main.o
 .rela.text.print_flt
                0x0000000000002974        0x0 ./src/main.o
 .rela.text.__muldf3
                0x0000000000002974        0x0 ./src/main.o
 .rela.text.__subdf3
                0x0000000000002974        0x0 ./src/main.o
 .rela.text.__floatunsidf
                0x0000000000002974        0x0 ./src/main.o
 .rela.text.__clzsi2
                0x0000000000002974        0x0 ./src/main.o

.data           0x0000000000000000        0x0 load address 0x0000000000002974
                0x0000000000000000                . = ALIGN (0x4)
                0x0000000000000000                _sdata = .
                0x0000000000000000                _ram_start = .
                0x0000000000000000                . = ALIGN (0x4)
 *(.data)
 .data          0x0000000000000000        0x0 ./src/main.o
 .data          0x0000000000000000        0x0 ./src/spi.o
 .data          0x0000000000000000        0x0 ./src/start.o
 .data          0x0000000000000000        0x0 ./src/uart.o
 .data          0x0000000000000000        0x0 d:/tools/hummingbird/hbird-eclipse_2018_09/gnu mcu eclipse/risc-v embedded gcc/7.2.0-4-20180606-1631/bin/../lib/gcc/riscv-none-embed/7.2.0/rv32im/ilp32\libgcc.a(muldf3.o)
 .data          0x0000000000000000        0x0 d:/tools/hummingbird/hbird-eclipse_2018_09/gnu mcu eclipse/risc-v embedded gcc/7.2.0-4-20180606-1631/bin/../lib/gcc/riscv-none-embed/7.2.0/rv32im/ilp32\libgcc.a(subdf3.o)
 .data          0x0000000000000000        0x0 d:/tools/hummingbird/hbird-eclipse_2018_09/gnu mcu eclipse/risc-v embedded gcc/7.2.0-4-20180606-1631/bin/../lib/gcc/riscv-none-embed/7.2.0/rv32im/ilp32\libgcc.a(fixdfsi.o)
 .data          0x0000000000000000        0x0 d:/tools/hummingbird/hbird-eclipse_2018_09/gnu mcu eclipse/risc-v embedded gcc/7.2.0-4-20180606-1631/bin/../lib/gcc/riscv-none-embed/7.2.0/rv32im/ilp32\libgcc.a(floatunsidf.o)
 .data          0x0000000000000000        0x0 d:/tools/hummingbird/hbird-eclipse_2018_09/gnu mcu eclipse/risc-v embedded gcc/7.2.0-4-20180606-1631/bin/../lib/gcc/riscv-none-embed/7.2.0/rv32im/ilp32\libgcc.a(_clzsi2.o)
 .data          0x0000000000000000        0x0 d:/tools/hummingbird/hbird-eclipse_2018_09/gnu mcu eclipse/risc-v embedded gcc/7.2.0-4-20180606-1631/bin/../lib/gcc/riscv-none-embed/7.2.0/rv32im/ilp32\libgcc.a(_clz.o)
 *(.data*)
 *(.sdata)
 *(.sdata*)
                0x0000000000000000                . = ALIGN (0x4)
                0x0000000000000000                _edata = .

.bss            0x0000000000000000        0x4 load address 0x0000000000002974
                0x0000000000000000                . = ALIGN (0x4)
                0x0000000000000000                _sbss = .
 *(.bss)
 .bss           0x0000000000000000        0x0 ./src/main.o
 .bss           0x0000000000000000        0x0 ./src/spi.o
 .bss           0x0000000000000000        0x0 ./src/start.o
 .bss           0x0000000000000000        0x0 ./src/uart.o
 .bss           0x0000000000000000        0x0 d:/tools/hummingbird/hbird-eclipse_2018_09/gnu mcu eclipse/risc-v embedded gcc/7.2.0-4-20180606-1631/bin/../lib/gcc/riscv-none-embed/7.2.0/rv32im/ilp32\libgcc.a(muldf3.o)
 .bss           0x0000000000000000        0x0 d:/tools/hummingbird/hbird-eclipse_2018_09/gnu mcu eclipse/risc-v embedded gcc/7.2.0-4-20180606-1631/bin/../lib/gcc/riscv-none-embed/7.2.0/rv32im/ilp32\libgcc.a(subdf3.o)
 .bss           0x0000000000000000        0x0 d:/tools/hummingbird/hbird-eclipse_2018_09/gnu mcu eclipse/risc-v embedded gcc/7.2.0-4-20180606-1631/bin/../lib/gcc/riscv-none-embed/7.2.0/rv32im/ilp32\libgcc.a(fixdfsi.o)
 .bss           0x0000000000000000        0x0 d:/tools/hummingbird/hbird-eclipse_2018_09/gnu mcu eclipse/risc-v embedded gcc/7.2.0-4-20180606-1631/bin/../lib/gcc/riscv-none-embed/7.2.0/rv32im/ilp32\libgcc.a(floatunsidf.o)
 .bss           0x0000000000000000        0x0 d:/tools/hummingbird/hbird-eclipse_2018_09/gnu mcu eclipse/risc-v embedded gcc/7.2.0-4-20180606-1631/bin/../lib/gcc/riscv-none-embed/7.2.0/rv32im/ilp32\libgcc.a(_clzsi2.o)
 .bss           0x0000000000000000        0x0 d:/tools/hummingbird/hbird-eclipse_2018_09/gnu mcu eclipse/risc-v embedded gcc/7.2.0-4-20180606-1631/bin/../lib/gcc/riscv-none-embed/7.2.0/rv32im/ilp32\libgcc.a(_clz.o)
 *(.bss*)
 *(.sbss)
 *(.sbss*)
 .sbss.temp_data
                0x0000000000000000        0x4 ./src/main.o
                0x0000000000000000                temp_data
 *(COMMON)
                0x0000000000000004                . = ALIGN (0x4)
                0x0000000000000004                _ebss = .

.heap           0x0000000000000004        0x0
                0x0000000000000004                . = ALIGN (0x4)
                0x0000000000000004                _heap_start = .
OUTPUT(pico_test_1.elf elf32-littleriscv)

.debug_info     0x0000000000000000     0x23ac
 .debug_info    0x0000000000000000      0x9b6 ./src/main.o
 .debug_info    0x00000000000009b6      0x991 ./src/spi.o
 .debug_info    0x0000000000001347       0x26 ./src/start.o
 .debug_info    0x000000000000136d     0x103f ./src/uart.o

.debug_abbrev   0x0000000000000000      0x7dd
 .debug_abbrev  0x0000000000000000      0x214 ./src/main.o
 .debug_abbrev  0x0000000000000214      0x251 ./src/spi.o
 .debug_abbrev  0x0000000000000465       0x14 ./src/start.o
 .debug_abbrev  0x0000000000000479      0x364 ./src/uart.o

.debug_loc      0x0000000000000000      0x76d
 .debug_loc     0x0000000000000000       0x42 ./src/main.o
 .debug_loc     0x0000000000000042       0x34 ./src/spi.o
 .debug_loc     0x0000000000000076      0x6f7 ./src/uart.o

.debug_aranges  0x0000000000000000       0xf8
 .debug_aranges
                0x0000000000000000       0x28 ./src/main.o
 .debug_aranges
                0x0000000000000028       0x40 ./src/spi.o
 .debug_aranges
                0x0000000000000068       0x20 ./src/start.o
 .debug_aranges
                0x0000000000000088       0x70 ./src/uart.o

.debug_ranges   0x0000000000000000      0x330
 .debug_ranges  0x0000000000000000       0x18 ./src/main.o
 .debug_ranges  0x0000000000000018       0x30 ./src/spi.o
 .debug_ranges  0x0000000000000048      0x2e8 ./src/uart.o

.debug_line     0x0000000000000000      0xdfd
 .debug_line    0x0000000000000000      0x306 ./src/main.o
 .debug_line    0x0000000000000306      0x29d ./src/spi.o
 .debug_line    0x00000000000005a3      0x16f ./src/start.o
 .debug_line    0x0000000000000712      0x6eb ./src/uart.o

.debug_str      0x0000000000000000      0x6d3
 .debug_str     0x0000000000000000      0x542 ./src/main.o
                                        0x5a3 (size before relaxing)
 .debug_str     0x0000000000000542       0xa8 ./src/spi.o
                                        0x5e8 (size before relaxing)
 .debug_str     0x00000000000005ea       0x1b ./src/start.o
                                         0x58 (size before relaxing)
 .debug_str     0x0000000000000605       0xce ./src/uart.o
                                        0x668 (size before relaxing)

.comment        0x0000000000000000       0x3a
 .comment       0x0000000000000000       0x3a ./src/main.o
                                         0x3b (size before relaxing)
 .comment       0x000000000000003a       0x3b ./src/spi.o
 .comment       0x000000000000003a       0x3b ./src/uart.o

.debug_frame    0x0000000000000000      0x330
 .debug_frame   0x0000000000000000       0x50 ./src/main.o
 .debug_frame   0x0000000000000050       0x60 ./src/spi.o
 .debug_frame   0x00000000000000b0      0x178 ./src/uart.o
 .debug_frame   0x0000000000000228       0x54 d:/tools/hummingbird/hbird-eclipse_2018_09/gnu mcu eclipse/risc-v embedded gcc/7.2.0-4-20180606-1631/bin/../lib/gcc/riscv-none-embed/7.2.0/rv32im/ilp32\libgcc.a(muldf3.o)
 .debug_frame   0x000000000000027c       0x40 d:/tools/hummingbird/hbird-eclipse_2018_09/gnu mcu eclipse/risc-v embedded gcc/7.2.0-4-20180606-1631/bin/../lib/gcc/riscv-none-embed/7.2.0/rv32im/ilp32\libgcc.a(subdf3.o)
 .debug_frame   0x00000000000002bc       0x20 d:/tools/hummingbird/hbird-eclipse_2018_09/gnu mcu eclipse/risc-v embedded gcc/7.2.0-4-20180606-1631/bin/../lib/gcc/riscv-none-embed/7.2.0/rv32im/ilp32\libgcc.a(fixdfsi.o)
 .debug_frame   0x00000000000002dc       0x34 d:/tools/hummingbird/hbird-eclipse_2018_09/gnu mcu eclipse/risc-v embedded gcc/7.2.0-4-20180606-1631/bin/../lib/gcc/riscv-none-embed/7.2.0/rv32im/ilp32\libgcc.a(floatunsidf.o)
 .debug_frame   0x0000000000000310       0x20 d:/tools/hummingbird/hbird-eclipse_2018_09/gnu mcu eclipse/risc-v embedded gcc/7.2.0-4-20180606-1631/bin/../lib/gcc/riscv-none-embed/7.2.0/rv32im/ilp32\libgcc.a(_clzsi2.o)
