   1              		.file	"spi.c"
   2              		.option nopic
   3              		.text
   4              	.Ltext0:
   5              		.cfi_sections	.debug_frame
   6              		.section	.text.SPI_CS_Enable,"ax",@progbits
   7              		.align	1
   8              		.globl	SPI_CS_Enable
  10              	SPI_CS_Enable:
  11              	.LFB1:
  12              		.file 1 "../src/spi.c"
   1:../src/spi.c  **** #include <stdint.h>
   2:../src/spi.c  **** #include <stdbool.h>
   3:../src/spi.c  **** #include "spi.h"
   4:../src/spi.c  **** 
   5:../src/spi.c  **** void SPI_CS_Enable() {
  13              		.loc 1 5 0
  14              		.cfi_startproc
   6:../src/spi.c  **** 	reg_spi_cs = 0;
  15              		.loc 1 6 0
  16 0000 A167     		li	a5,32768
  17 0002 23A00704 		sw	zero,64(a5)
   7:../src/spi.c  **** }
  18              		.loc 1 7 0
  19 0006 8280     		ret
  20              		.cfi_endproc
  21              	.LFE1:
  23              		.section	.text.SPI_CS_Disable,"ax",@progbits
  24              		.align	1
  25              		.globl	SPI_CS_Disable
  27              	SPI_CS_Disable:
  28              	.LFB2:
   8:../src/spi.c  **** void SPI_CS_Disable() {
  29              		.loc 1 8 0
  30              		.cfi_startproc
   9:../src/spi.c  **** 	reg_spi_cs = 1;
  31              		.loc 1 9 0
  32 0000 A167     		li	a5,32768
  33 0002 0547     		li	a4,1
  34 0004 B8C3     		sw	a4,64(a5)
  10:../src/spi.c  **** }
  35              		.loc 1 10 0
  36 0006 8280     		ret
  37              		.cfi_endproc
  38              	.LFE2:
  40              		.section	.text.SPI_WriteData,"ax",@progbits
  41              		.align	1
  42              		.globl	SPI_WriteData
  44              	SPI_WriteData:
  45              	.LFB3:
  11:../src/spi.c  **** void SPI_WriteData(uint8_t data) {
  46              		.loc 1 11 0
  47              		.cfi_startproc
  48              	.LVL0:
  12:../src/spi.c  **** 	reg_spi_tx = data;
  49              		.loc 1 12 0
  50 0000 A167     		li	a5,32768
  51 0002 E8C3     		sw	a0,68(a5)
  13:../src/spi.c  **** }
  52              		.loc 1 13 0
  53 0004 8280     		ret
  54              		.cfi_endproc
  55              	.LFE3:
  57              		.section	.text.SPI_ReadData,"ax",@progbits
  58              		.align	1
  59              		.globl	SPI_ReadData
  61              	SPI_ReadData:
  62              	.LFB4:
  14:../src/spi.c  **** uint8_t SPI_ReadData(){
  63              		.loc 1 14 0
  64              		.cfi_startproc
  15:../src/spi.c  **** 	return (uint8_t)reg_spi_rx;
  65              		.loc 1 15 0
  66 0000 A167     		li	a5,32768
  67 0002 A847     		lw	a0,72(a5)
  16:../src/spi.c  **** }
  68              		.loc 1 16 0
  69 0004 1375F50F 		andi	a0,a0,0xff
  70 0008 8280     		ret
  71              		.cfi_endproc
  72              	.LFE4:
  74              		.section	.text.SPI_ReadWrite,"ax",@progbits
  75              		.align	1
  76              		.globl	SPI_ReadWrite
  78              	SPI_ReadWrite:
  79              	.LFB5:
  17:../src/spi.c  **** uint8_t SPI_ReadWrite(uint8_t Txdata){
  80              		.loc 1 17 0
  81              		.cfi_startproc
  82              	.LVL1:
  83              	.LBB6:
  84              	.LBB7:
  12:../src/spi.c  **** }
  85              		.loc 1 12 0
  86 0000 A167     		li	a5,32768
  87 0002 E8C3     		sw	a0,68(a5)
  88              	.LVL2:
  89              	.LBE7:
  90              	.LBE6:
  91              	.LBB8:
  92              	.LBB9:
  15:../src/spi.c  **** }
  93              		.loc 1 15 0
  94 0004 A847     		lw	a0,72(a5)
  95              	.LVL3:
  96              	.LBE9:
  97              	.LBE8:
  18:../src/spi.c  **** 	uint8_t Rxdata;
  19:../src/spi.c  **** 	SPI_WriteData(Txdata);
  20:../src/spi.c  **** 	Rxdata = SPI_ReadData();
  21:../src/spi.c  **** 	return Rxdata;
  22:../src/spi.c  **** }
  98              		.loc 1 22 0
  99 0006 1375F50F 		andi	a0,a0,0xff
 100 000a 8280     		ret
 101              		.cfi_endproc
 102              	.LFE5:
 104              		.text
 105              	.Letext0:
 106              		.file 2 "d:\\tools\\hummingbird\\hbird-eclipse_2018_09\\gnu mcu eclipse\\risc-v embedded gcc\\7.2.
 107              		.file 3 "d:\\tools\\hummingbird\\hbird-eclipse_2018_09\\gnu mcu eclipse\\risc-v embedded gcc\\7.2.
 108              		.file 4 "d:\\tools\\hummingbird\\hbird-eclipse_2018_09\\gnu mcu eclipse\\risc-v embedded gcc\\7.2.
 109              		.file 5 "d:\\tools\\hummingbird\\hbird-eclipse_2018_09\\gnu mcu eclipse\\risc-v embedded gcc\\7.2.
 110              		.file 6 "d:\\tools\\hummingbird\\hbird-eclipse_2018_09\\gnu mcu eclipse\\risc-v embedded gcc\\7.2.
 111              		.file 7 "d:\\tools\\hummingbird\\hbird-eclipse_2018_09\\gnu mcu eclipse\\risc-v embedded gcc\\7.2.
DEFINED SYMBOLS
                            *ABS*:0000000000000000 spi.c
C:\Users\Charry\AppData\Local\Temp\ccX8Ttt4.s:10     .text.SPI_CS_Enable:0000000000000000 SPI_CS_Enable
C:\Users\Charry\AppData\Local\Temp\ccX8Ttt4.s:14     .text.SPI_CS_Enable:0000000000000000 .L0 
C:\Users\Charry\AppData\Local\Temp\ccX8Ttt4.s:15     .text.SPI_CS_Enable:0000000000000000 .L0 
C:\Users\Charry\AppData\Local\Temp\ccX8Ttt4.s:16     .text.SPI_CS_Enable:0000000000000000 .L0 
C:\Users\Charry\AppData\Local\Temp\ccX8Ttt4.s:19     .text.SPI_CS_Enable:0000000000000006 .L0 
C:\Users\Charry\AppData\Local\Temp\ccX8Ttt4.s:20     .text.SPI_CS_Enable:0000000000000008 .L0 
C:\Users\Charry\AppData\Local\Temp\ccX8Ttt4.s:27     .text.SPI_CS_Disable:0000000000000000 SPI_CS_Disable
C:\Users\Charry\AppData\Local\Temp\ccX8Ttt4.s:30     .text.SPI_CS_Disable:0000000000000000 .L0 
C:\Users\Charry\AppData\Local\Temp\ccX8Ttt4.s:31     .text.SPI_CS_Disable:0000000000000000 .L0 
C:\Users\Charry\AppData\Local\Temp\ccX8Ttt4.s:32     .text.SPI_CS_Disable:0000000000000000 .L0 
C:\Users\Charry\AppData\Local\Temp\ccX8Ttt4.s:36     .text.SPI_CS_Disable:0000000000000006 .L0 
C:\Users\Charry\AppData\Local\Temp\ccX8Ttt4.s:37     .text.SPI_CS_Disable:0000000000000008 .L0 
C:\Users\Charry\AppData\Local\Temp\ccX8Ttt4.s:44     .text.SPI_WriteData:0000000000000000 SPI_WriteData
C:\Users\Charry\AppData\Local\Temp\ccX8Ttt4.s:47     .text.SPI_WriteData:0000000000000000 .L0 
C:\Users\Charry\AppData\Local\Temp\ccX8Ttt4.s:49     .text.SPI_WriteData:0000000000000000 .L0 
C:\Users\Charry\AppData\Local\Temp\ccX8Ttt4.s:50     .text.SPI_WriteData:0000000000000000 .L0 
C:\Users\Charry\AppData\Local\Temp\ccX8Ttt4.s:53     .text.SPI_WriteData:0000000000000004 .L0 
C:\Users\Charry\AppData\Local\Temp\ccX8Ttt4.s:54     .text.SPI_WriteData:0000000000000006 .L0 
C:\Users\Charry\AppData\Local\Temp\ccX8Ttt4.s:61     .text.SPI_ReadData:0000000000000000 SPI_ReadData
C:\Users\Charry\AppData\Local\Temp\ccX8Ttt4.s:64     .text.SPI_ReadData:0000000000000000 .L0 
C:\Users\Charry\AppData\Local\Temp\ccX8Ttt4.s:65     .text.SPI_ReadData:0000000000000000 .L0 
C:\Users\Charry\AppData\Local\Temp\ccX8Ttt4.s:66     .text.SPI_ReadData:0000000000000000 .L0 
C:\Users\Charry\AppData\Local\Temp\ccX8Ttt4.s:69     .text.SPI_ReadData:0000000000000004 .L0 
C:\Users\Charry\AppData\Local\Temp\ccX8Ttt4.s:71     .text.SPI_ReadData:000000000000000a .L0 
C:\Users\Charry\AppData\Local\Temp\ccX8Ttt4.s:78     .text.SPI_ReadWrite:0000000000000000 SPI_ReadWrite
C:\Users\Charry\AppData\Local\Temp\ccX8Ttt4.s:81     .text.SPI_ReadWrite:0000000000000000 .L0 
C:\Users\Charry\AppData\Local\Temp\ccX8Ttt4.s:85     .text.SPI_ReadWrite:0000000000000000 .L0 
C:\Users\Charry\AppData\Local\Temp\ccX8Ttt4.s:86     .text.SPI_ReadWrite:0000000000000000 .L0 
C:\Users\Charry\AppData\Local\Temp\ccX8Ttt4.s:94     .text.SPI_ReadWrite:0000000000000004 .L0 
C:\Users\Charry\AppData\Local\Temp\ccX8Ttt4.s:99     .text.SPI_ReadWrite:0000000000000006 .L0 
C:\Users\Charry\AppData\Local\Temp\ccX8Ttt4.s:101    .text.SPI_ReadWrite:000000000000000c .L0 
C:\Users\Charry\AppData\Local\Temp\ccX8Ttt4.s:23     .text.SPI_CS_Enable:0000000000000008 .L0 
C:\Users\Charry\AppData\Local\Temp\ccX8Ttt4.s:40     .text.SPI_CS_Disable:0000000000000008 .L0 
C:\Users\Charry\AppData\Local\Temp\ccX8Ttt4.s:57     .text.SPI_WriteData:0000000000000006 .L0 
C:\Users\Charry\AppData\Local\Temp\ccX8Ttt4.s:74     .text.SPI_ReadData:000000000000000a .L0 
C:\Users\Charry\AppData\Local\Temp\ccX8Ttt4.s:104    .text.SPI_ReadWrite:000000000000000c .L0 
                     .debug_frame:0000000000000000 .L0 
C:\Users\Charry\AppData\Local\Temp\ccX8Ttt4.s:1270   .debug_abbrev:0000000000000000 .Ldebug_abbrev0
C:\Users\Charry\AppData\Local\Temp\ccX8Ttt4.s:2042   .debug_str:000000000000028e .LASF126
C:\Users\Charry\AppData\Local\Temp\ccX8Ttt4.s:2106   .debug_str:0000000000000453 .LASF127
C:\Users\Charry\AppData\Local\Temp\ccX8Ttt4.s:2040   .debug_str:0000000000000251 .LASF128
C:\Users\Charry\AppData\Local\Temp\ccX8Ttt4.s:1904   .debug_ranges:0000000000000000 .Ldebug_ranges0
C:\Users\Charry\AppData\Local\Temp\ccX8Ttt4.s:1918   .debug_line:0000000000000000 .Ldebug_line0
C:\Users\Charry\AppData\Local\Temp\ccX8Ttt4.s:1950   .debug_str:00000000000000b4 .LASF0
C:\Users\Charry\AppData\Local\Temp\ccX8Ttt4.s:1928   .debug_str:0000000000000025 .LASF5
C:\Users\Charry\AppData\Local\Temp\ccX8Ttt4.s:2080   .debug_str:00000000000003db .LASF1
C:\Users\Charry\AppData\Local\Temp\ccX8Ttt4.s:2086   .debug_str:00000000000003f7 .LASF2
C:\Users\Charry\AppData\Local\Temp\ccX8Ttt4.s:2028   .debug_str:000000000000020e .LASF3
C:\Users\Charry\AppData\Local\Temp\ccX8Ttt4.s:1966   .debug_str:00000000000000f9 .LASF4
C:\Users\Charry\AppData\Local\Temp\ccX8Ttt4.s:1988   .debug_str:000000000000015d .LASF6
C:\Users\Charry\AppData\Local\Temp\ccX8Ttt4.s:2014   .debug_str:00000000000001cf .LASF7
C:\Users\Charry\AppData\Local\Temp\ccX8Ttt4.s:1948   .debug_str:00000000000000a6 .LASF8
C:\Users\Charry\AppData\Local\Temp\ccX8Ttt4.s:1936   .debug_str:0000000000000055 .LASF9
C:\Users\Charry\AppData\Local\Temp\ccX8Ttt4.s:2006   .debug_str:00000000000001ab .LASF10
C:\Users\Charry\AppData\Local\Temp\ccX8Ttt4.s:2168   .debug_str:000000000000057b .LASF11
C:\Users\Charry\AppData\Local\Temp\ccX8Ttt4.s:2126   .debug_str:00000000000004bb .LASF12
C:\Users\Charry\AppData\Local\Temp\ccX8Ttt4.s:2062   .debug_str:0000000000000382 .LASF13
C:\Users\Charry\AppData\Local\Temp\ccX8Ttt4.s:2078   .debug_str:00000000000003c9 .LASF14
C:\Users\Charry\AppData\Local\Temp\ccX8Ttt4.s:2074   .debug_str:00000000000003b8 .LASF15
C:\Users\Charry\AppData\Local\Temp\ccX8Ttt4.s:2132   .debug_str:00000000000004d6 .LASF16
C:\Users\Charry\AppData\Local\Temp\ccX8Ttt4.s:2022   .debug_str:00000000000001f9 .LASF17
C:\Users\Charry\AppData\Local\Temp\ccX8Ttt4.s:2044   .debug_str:0000000000000330 .LASF18
C:\Users\Charry\AppData\Local\Temp\ccX8Ttt4.s:2038   .debug_str:000000000000024b .LASF19
C:\Users\Charry\AppData\Local\Temp\ccX8Ttt4.s:2008   .debug_str:00000000000001b8 .LASF20
C:\Users\Charry\AppData\Local\Temp\ccX8Ttt4.s:2124   .debug_str:00000000000004b3 .LASF21
C:\Users\Charry\AppData\Local\Temp\ccX8Ttt4.s:2148   .debug_str:000000000000051b .LASF22
C:\Users\Charry\AppData\Local\Temp\ccX8Ttt4.s:2096   .debug_str:000000000000041f .LASF23
C:\Users\Charry\AppData\Local\Temp\ccX8Ttt4.s:1992   .debug_str:000000000000016e .LASF24
C:\Users\Charry\AppData\Local\Temp\ccX8Ttt4.s:2154   .debug_str:0000000000000531 .LASF25
C:\Users\Charry\AppData\Local\Temp\ccX8Ttt4.s:1996   .debug_str:000000000000017f .LASF30
C:\Users\Charry\AppData\Local\Temp\ccX8Ttt4.s:2144   .debug_str:0000000000000508 .LASF26
C:\Users\Charry\AppData\Local\Temp\ccX8Ttt4.s:2116   .debug_str:0000000000000490 .LASF27
C:\Users\Charry\AppData\Local\Temp\ccX8Ttt4.s:1990   .debug_str:0000000000000168 .LASF28
C:\Users\Charry\AppData\Local\Temp\ccX8Ttt4.s:2162   .debug_str:0000000000000566 .LASF29
C:\Users\Charry\AppData\Local\Temp\ccX8Ttt4.s:2004   .debug_str:00000000000001a6 .LASF31
C:\Users\Charry\AppData\Local\Temp\ccX8Ttt4.s:1946   .debug_str:000000000000009d .LASF32
C:\Users\Charry\AppData\Local\Temp\ccX8Ttt4.s:2138   .debug_str:00000000000004ea .LASF33
C:\Users\Charry\AppData\Local\Temp\ccX8Ttt4.s:1956   .debug_str:00000000000000cc .LASF34
C:\Users\Charry\AppData\Local\Temp\ccX8Ttt4.s:2190   .debug_str:00000000000005de .LASF35
C:\Users\Charry\AppData\Local\Temp\ccX8Ttt4.s:2068   .debug_str:000000000000039c .LASF36
C:\Users\Charry\AppData\Local\Temp\ccX8Ttt4.s:2056   .debug_str:0000000000000361 .LASF37
C:\Users\Charry\AppData\Local\Temp\ccX8Ttt4.s:2164   .debug_str:000000000000056b .LASF38
C:\Users\Charry\AppData\Local\Temp\ccX8Ttt4.s:2088   .debug_str:0000000000000401 .LASF39
C:\Users\Charry\AppData\Local\Temp\ccX8Ttt4.s:2178   .debug_str:00000000000005a5 .LASF40
C:\Users\Charry\AppData\Local\Temp\ccX8Ttt4.s:1960   .debug_str:00000000000000db .LASF41
C:\Users\Charry\AppData\Local\Temp\ccX8Ttt4.s:1984   .debug_str:0000000000000150 .LASF42
C:\Users\Charry\AppData\Local\Temp\ccX8Ttt4.s:1920   .debug_str:0000000000000000 .LASF43
C:\Users\Charry\AppData\Local\Temp\ccX8Ttt4.s:2150   .debug_str:0000000000000523 .LASF44
C:\Users\Charry\AppData\Local\Temp\ccX8Ttt4.s:1970   .debug_str:0000000000000109 .LASF45
C:\Users\Charry\AppData\Local\Temp\ccX8Ttt4.s:2070   .debug_str:00000000000003a5 .LASF46
C:\Users\Charry\AppData\Local\Temp\ccX8Ttt4.s:2108   .debug_str:0000000000000460 .LASF47
C:\Users\Charry\AppData\Local\Temp\ccX8Ttt4.s:1986   .debug_str:0000000000000158 .LASF48
C:\Users\Charry\AppData\Local\Temp\ccX8Ttt4.s:2090   .debug_str:000000000000040b .LASF49
C:\Users\Charry\AppData\Local\Temp\ccX8Ttt4.s:1954   .debug_str:00000000000000c6 .LASF50
C:\Users\Charry\AppData\Local\Temp\ccX8Ttt4.s:1922   .debug_str:000000000000000c .LASF51
C:\Users\Charry\AppData\Local\Temp\ccX8Ttt4.s:2098   .debug_str:000000000000042a .LASF52
C:\Users\Charry\AppData\Local\Temp\ccX8Ttt4.s:1968   .debug_str:0000000000000102 .LASF53
C:\Users\Charry\AppData\Local\Temp\ccX8Ttt4.s:2016   .debug_str:00000000000001e1 .LASF54
C:\Users\Charry\AppData\Local\Temp\ccX8Ttt4.s:1938   .debug_str:000000000000006c .LASF55
C:\Users\Charry\AppData\Local\Temp\ccX8Ttt4.s:1962   .debug_str:00000000000000e9 .LASF56
C:\Users\Charry\AppData\Local\Temp\ccX8Ttt4.s:2000   .debug_str:0000000000000196 .LASF57
C:\Users\Charry\AppData\Local\Temp\ccX8Ttt4.s:2054   .debug_str:000000000000035a .LASF58
C:\Users\Charry\AppData\Local\Temp\ccX8Ttt4.s:2128   .debug_str:00000000000004c4 .LASF59
C:\Users\Charry\AppData\Local\Temp\ccX8Ttt4.s:2182   .debug_str:00000000000005bf .LASF60
C:\Users\Charry\AppData\Local\Temp\ccX8Ttt4.s:1952   .debug_str:00000000000000c0 .LASF61
C:\Users\Charry\AppData\Local\Temp\ccX8Ttt4.s:2174   .debug_str:0000000000000597 .LASF62
C:\Users\Charry\AppData\Local\Temp\ccX8Ttt4.s:1974   .debug_str:0000000000000118 .LASF63
C:\Users\Charry\AppData\Local\Temp\ccX8Ttt4.s:1978   .debug_str:0000000000000129 .LASF64
C:\Users\Charry\AppData\Local\Temp\ccX8Ttt4.s:1930   .debug_str:000000000000002f .LASF65
C:\Users\Charry\AppData\Local\Temp\ccX8Ttt4.s:2046   .debug_str:0000000000000337 .LASF66
C:\Users\Charry\AppData\Local\Temp\ccX8Ttt4.s:2100   .debug_str:0000000000000432 .LASF67
C:\Users\Charry\AppData\Local\Temp\ccX8Ttt4.s:2048   .debug_str:000000000000033d .LASF68
C:\Users\Charry\AppData\Local\Temp\ccX8Ttt4.s:2118   .debug_str:0000000000000498 .LASF69
C:\Users\Charry\AppData\Local\Temp\ccX8Ttt4.s:2134   .debug_str:00000000000004de .LASF70
C:\Users\Charry\AppData\Local\Temp\ccX8Ttt4.s:1972   .debug_str:0000000000000111 .LASF71
C:\Users\Charry\AppData\Local\Temp\ccX8Ttt4.s:2010   .debug_str:00000000000001bf .LASF72
C:\Users\Charry\AppData\Local\Temp\ccX8Ttt4.s:1994   .debug_str:0000000000000177 .LASF73
C:\Users\Charry\AppData\Local\Temp\ccX8Ttt4.s:2018   .debug_str:00000000000001e7 .LASF74
C:\Users\Charry\AppData\Local\Temp\ccX8Ttt4.s:1926   .debug_str:000000000000001a .LASF75
C:\Users\Charry\AppData\Local\Temp\ccX8Ttt4.s:2114   .debug_str:0000000000000477 .LASF76
C:\Users\Charry\AppData\Local\Temp\ccX8Ttt4.s:2110   .debug_str:0000000000000465 .LASF77
C:\Users\Charry\AppData\Local\Temp\ccX8Ttt4.s:2072   .debug_str:00000000000003ad .LASF78
C:\Users\Charry\AppData\Local\Temp\ccX8Ttt4.s:2112   .debug_str:000000000000046d .LASF79
C:\Users\Charry\AppData\Local\Temp\ccX8Ttt4.s:2036   .debug_str:0000000000000243 .LASF80
C:\Users\Charry\AppData\Local\Temp\ccX8Ttt4.s:2002   .debug_str:000000000000019c .LASF81
C:\Users\Charry\AppData\Local\Temp\ccX8Ttt4.s:2188   .debug_str:00000000000005d9 .LASF82
C:\Users\Charry\AppData\Local\Temp\ccX8Ttt4.s:2076   .debug_str:00000000000003bf .LASF83
C:\Users\Charry\AppData\Local\Temp\ccX8Ttt4.s:2012   .debug_str:00000000000001c7 .LASF84
C:\Users\Charry\AppData\Local\Temp\ccX8Ttt4.s:1976   .debug_str:0000000000000121 .LASF85
C:\Users\Charry\AppData\Local\Temp\ccX8Ttt4.s:2082   .debug_str:00000000000003e9 .LASF86
C:\Users\Charry\AppData\Local\Temp\ccX8Ttt4.s:2030   .debug_str:0000000000000221 .LASF87
C:\Users\Charry\AppData\Local\Temp\ccX8Ttt4.s:2172   .debug_str:000000000000058d .LASF88
C:\Users\Charry\AppData\Local\Temp\ccX8Ttt4.s:1964   .debug_str:00000000000000f1 .LASF89
C:\Users\Charry\AppData\Local\Temp\ccX8Ttt4.s:1958   .debug_str:00000000000000d6 .LASF90
C:\Users\Charry\AppData\Local\Temp\ccX8Ttt4.s:2136   .debug_str:00000000000004e5 .LASF91
C:\Users\Charry\AppData\Local\Temp\ccX8Ttt4.s:2094   .debug_str:0000000000000418 .LASF92
C:\Users\Charry\AppData\Local\Temp\ccX8Ttt4.s:2166   .debug_str:0000000000000575 .LASF93
C:\Users\Charry\AppData\Local\Temp\ccX8Ttt4.s:2024   .debug_str:0000000000000202 .LASF94
C:\Users\Charry\AppData\Local\Temp\ccX8Ttt4.s:2092   .debug_str:0000000000000412 .LASF95
C:\Users\Charry\AppData\Local\Temp\ccX8Ttt4.s:1924   .debug_str:0000000000000012 .LASF96
C:\Users\Charry\AppData\Local\Temp\ccX8Ttt4.s:2120   .debug_str:000000000000049f .LASF97
C:\Users\Charry\AppData\Local\Temp\ccX8Ttt4.s:2140   .debug_str:00000000000004f3 .LASF98
C:\Users\Charry\AppData\Local\Temp\ccX8Ttt4.s:2152   .debug_str:000000000000052c .LASF99
C:\Users\Charry\AppData\Local\Temp\ccX8Ttt4.s:2160   .debug_str:0000000000000559 .LASF100
C:\Users\Charry\AppData\Local\Temp\ccX8Ttt4.s:2146   .debug_str:000000000000050e .LASF101
C:\Users\Charry\AppData\Local\Temp\ccX8Ttt4.s:2034   .debug_str:0000000000000236 .LASF102
C:\Users\Charry\AppData\Local\Temp\ccX8Ttt4.s:2180   .debug_str:00000000000005b0 .LASF103
C:\Users\Charry\AppData\Local\Temp\ccX8Ttt4.s:1998   .debug_str:0000000000000187 .LASF104
C:\Users\Charry\AppData\Local\Temp\ccX8Ttt4.s:2102   .debug_str:000000000000043b .LASF105
C:\Users\Charry\AppData\Local\Temp\ccX8Ttt4.s:2184   .debug_str:00000000000005c6 .LASF106
C:\Users\Charry\AppData\Local\Temp\ccX8Ttt4.s:2104   .debug_str:0000000000000446 .LASF107
C:\Users\Charry\AppData\Local\Temp\ccX8Ttt4.s:2186   .debug_str:00000000000005cb .LASF108
C:\Users\Charry\AppData\Local\Temp\ccX8Ttt4.s:1944   .debug_str:000000000000008f .LASF109
C:\Users\Charry\AppData\Local\Temp\ccX8Ttt4.s:2170   .debug_str:0000000000000583 .LASF110
C:\Users\Charry\AppData\Local\Temp\ccX8Ttt4.s:2032   .debug_str:000000000000022a .LASF111
C:\Users\Charry\AppData\Local\Temp\ccX8Ttt4.s:2156   .debug_str:0000000000000539 .LASF112
C:\Users\Charry\AppData\Local\Temp\ccX8Ttt4.s:1982   .debug_str:0000000000000142 .LASF113
C:\Users\Charry\AppData\Local\Temp\ccX8Ttt4.s:1942   .debug_str:0000000000000080 .LASF114
C:\Users\Charry\AppData\Local\Temp\ccX8Ttt4.s:1980   .debug_str:0000000000000131 .LASF115
C:\Users\Charry\AppData\Local\Temp\ccX8Ttt4.s:1932   .debug_str:0000000000000035 .LASF116
C:\Users\Charry\AppData\Local\Temp\ccX8Ttt4.s:1934   .debug_str:0000000000000044 .LASF117
C:\Users\Charry\AppData\Local\Temp\ccX8Ttt4.s:2084   .debug_str:00000000000003ee .LASF118
C:\Users\Charry\AppData\Local\Temp\ccX8Ttt4.s:2066   .debug_str:0000000000000395 .LASF119
C:\Users\Charry\AppData\Local\Temp\ccX8Ttt4.s:2060   .debug_str:0000000000000379 .LASF120
C:\Users\Charry\AppData\Local\Temp\ccX8Ttt4.s:2176   .debug_str:000000000000059d .LASF121
C:\Users\Charry\AppData\Local\Temp\ccX8Ttt4.s:1940   .debug_str:0000000000000075 .LASF129
C:\Users\Charry\AppData\Local\Temp\ccX8Ttt4.s:2130   .debug_str:00000000000004ca .LASF122
C:\Users\Charry\AppData\Local\Temp\ccX8Ttt4.s:2158   .debug_str:0000000000000546 .LASF123
C:\Users\Charry\AppData\Local\Temp\ccX8Ttt4.s:2058   .debug_str:000000000000036b .LASF130
C:\Users\Charry\AppData\Local\Temp\ccX8Ttt4.s:79     .text.SPI_ReadWrite:0000000000000000 .LFB5
C:\Users\Charry\AppData\Local\Temp\ccX8Ttt4.s:102    .text.SPI_ReadWrite:000000000000000c .LFE5
C:\Users\Charry\AppData\Local\Temp\ccX8Ttt4.s:2064   .debug_str:000000000000038e .LASF131
C:\Users\Charry\AppData\Local\Temp\ccX8Ttt4.s:1862   .debug_loc:0000000000000000 .LLST0
C:\Users\Charry\AppData\Local\Temp\ccX8Ttt4.s:2052   .debug_str:0000000000000353 .LASF132
C:\Users\Charry\AppData\Local\Temp\ccX8Ttt4.s:83     .text.SPI_ReadWrite:0000000000000000 .LBB6
C:\Users\Charry\AppData\Local\Temp\ccX8Ttt4.s:90     .text.SPI_ReadWrite:0000000000000004 .LBE6
C:\Users\Charry\AppData\Local\Temp\ccX8Ttt4.s:1876   .debug_loc:0000000000000021 .LLST1
C:\Users\Charry\AppData\Local\Temp\ccX8Ttt4.s:91     .text.SPI_ReadWrite:0000000000000004 .LBB8
C:\Users\Charry\AppData\Local\Temp\ccX8Ttt4.s:97     .text.SPI_ReadWrite:0000000000000006 .LBE8
C:\Users\Charry\AppData\Local\Temp\ccX8Ttt4.s:2020   .debug_str:00000000000001ec .LASF133
C:\Users\Charry\AppData\Local\Temp\ccX8Ttt4.s:2050   .debug_str:0000000000000345 .LASF134
C:\Users\Charry\AppData\Local\Temp\ccX8Ttt4.s:2026   .debug_str:0000000000000209 .LASF135
C:\Users\Charry\AppData\Local\Temp\ccX8Ttt4.s:2142   .debug_str:00000000000004f9 .LASF124
C:\Users\Charry\AppData\Local\Temp\ccX8Ttt4.s:28     .text.SPI_CS_Disable:0000000000000000 .LFB2
C:\Users\Charry\AppData\Local\Temp\ccX8Ttt4.s:38     .text.SPI_CS_Disable:0000000000000008 .LFE2
C:\Users\Charry\AppData\Local\Temp\ccX8Ttt4.s:2122   .debug_str:00000000000004a5 .LASF125
C:\Users\Charry\AppData\Local\Temp\ccX8Ttt4.s:11     .text.SPI_CS_Enable:0000000000000000 .LFB1
C:\Users\Charry\AppData\Local\Temp\ccX8Ttt4.s:21     .text.SPI_CS_Enable:0000000000000008 .LFE1
C:\Users\Charry\AppData\Local\Temp\ccX8Ttt4.s:45     .text.SPI_WriteData:0000000000000000 .LFB3
C:\Users\Charry\AppData\Local\Temp\ccX8Ttt4.s:55     .text.SPI_WriteData:0000000000000006 .LFE3
C:\Users\Charry\AppData\Local\Temp\ccX8Ttt4.s:62     .text.SPI_ReadData:0000000000000000 .LFB4
C:\Users\Charry\AppData\Local\Temp\ccX8Ttt4.s:72     .text.SPI_ReadData:000000000000000a .LFE4
C:\Users\Charry\AppData\Local\Temp\ccX8Ttt4.s:82     .text.SPI_ReadWrite:0000000000000000 .LVL1
C:\Users\Charry\AppData\Local\Temp\ccX8Ttt4.s:95     .text.SPI_ReadWrite:0000000000000006 .LVL3
C:\Users\Charry\AppData\Local\Temp\ccX8Ttt4.s:88     .text.SPI_ReadWrite:0000000000000004 .LVL2
C:\Users\Charry\AppData\Local\Temp\ccX8Ttt4.s:113    .debug_info:0000000000000000 .Ldebug_info0

NO UNDEFINED SYMBOLS
