Archive member included to satisfy reference by file (symbol)

d:/tools/mounriver/mounriver_studio/toolchain/risc-v embedded gcc/bin/../lib/gcc/riscv-none-embed/8.2.0/rv32em/ilp32e\libgcc.a(_udivdi3.o)
                              ./lib/driver/src/printf.o (__udivdi3)
d:/tools/mounriver/mounriver_studio/toolchain/risc-v embedded gcc/bin/../lib/gcc/riscv-none-embed/8.2.0/rv32em/ilp32e\libgcc.a(_umoddi3.o)
                              ./lib/driver/src/printf.o (__umoddi3)
d:/tools/mounriver/mounriver_studio/toolchain/risc-v embedded gcc/bin/../lib/gcc/riscv-none-embed/8.2.0/rv32em/ilp32e\libgcc.a(muldf3.o)
                              ./app/main.o (__muldf3)
d:/tools/mounriver/mounriver_studio/toolchain/risc-v embedded gcc/bin/../lib/gcc/riscv-none-embed/8.2.0/rv32em/ilp32e\libgcc.a(fixunssfsi.o)
                              ./app/main.o (__fixunssfsi)
d:/tools/mounriver/mounriver_studio/toolchain/risc-v embedded gcc/bin/../lib/gcc/riscv-none-embed/8.2.0/rv32em/ilp32e\libgcc.a(floatunsisf.o)
                              ./app/main.o (__floatunsisf)
d:/tools/mounriver/mounriver_studio/toolchain/risc-v embedded gcc/bin/../lib/gcc/riscv-none-embed/8.2.0/rv32em/ilp32e\libgcc.a(extendsfdf2.o)
                              ./app/main.o (__extendsfdf2)
d:/tools/mounriver/mounriver_studio/toolchain/risc-v embedded gcc/bin/../lib/gcc/riscv-none-embed/8.2.0/rv32em/ilp32e\libgcc.a(truncdfsf2.o)
                              ./app/main.o (__truncdfsf2)
d:/tools/mounriver/mounriver_studio/toolchain/risc-v embedded gcc/bin/../lib/gcc/riscv-none-embed/8.2.0/rv32em/ilp32e\libgcc.a(_clz.o)
                              d:/tools/mounriver/mounriver_studio/toolchain/risc-v embedded gcc/bin/../lib/gcc/riscv-none-embed/8.2.0/rv32em/ilp32e\libgcc.a(_udivdi3.o) (__clz_tab)
d:/tools/mounriver/mounriver_studio/toolchain/risc-v embedded gcc/bin/../lib/gcc/riscv-none-embed/8.2.0/rv32em/ilp32e\libgcc.a(_clzsi2.o)
                              d:/tools/mounriver/mounriver_studio/toolchain/risc-v embedded gcc/bin/../lib/gcc/riscv-none-embed/8.2.0/rv32em/ilp32e\libgcc.a(muldf3.o) (__clzsi2)

Allocating common symbols
Common symbol       size              file

system_sram_size    0x4               ./lib/startup/init.o
n25q_spi_sel        0x4               ./lib/startup/init.o
system_cpu_freqM    0x4               ./lib/startup/init.o
system_vendorid     0x4               ./lib/startup/init.o
system_cpu_freq     0x4               ./lib/startup/init.o
system_iram_size    0x4               ./lib/startup/init.o

Discarded input sections

 .text          0x0000000000000000        0x0 ./lib/startup/init.o
 .data          0x0000000000000000        0x0 ./lib/startup/init.o
 .bss           0x0000000000000000        0x0 ./lib/startup/init.o
 .data          0x0000000000000000        0x0 ./lib/startup/startup.o
 .bss           0x0000000000000000        0x0 ./lib/startup/startup.o
 .text          0x0000000000000000        0x0 ./lib/perip/src/core.o
 .data          0x0000000000000000        0x0 ./lib/perip/src/core.o
 .bss           0x0000000000000000        0x0 ./lib/perip/src/core.o
 .text.mtime_value_get
                0x0000000000000000       0x14 ./lib/perip/src/core.o
 .text.mtime_value_set
                0x0000000000000000        0xc ./lib/perip/src/core.o
 .text.mtime_en_ctr
                0x0000000000000000       0x18 ./lib/perip/src/core.o
 .text.mtimecmp_value_set
                0x0000000000000000        0xc ./lib/perip/src/core.o
 .text.minstret_value_get
                0x0000000000000000       0x14 ./lib/perip/src/core.o
 .text.minstret_value_set
                0x0000000000000000        0xc ./lib/perip/src/core.o
 .text.minstret_en_ctr
                0x0000000000000000       0x18 ./lib/perip/src/core.o
 .text.delay_mtime_us
                0x0000000000000000       0x70 ./lib/perip/src/core.o
 .text.core_reset_enable
                0x0000000000000000        0x8 ./lib/perip/src/core.o
 .text.core_sim_end
                0x0000000000000000        0x8 ./lib/perip/src/core.o
 .text.core_soft_interrupt
                0x0000000000000000        0x8 ./lib/perip/src/core.o
 .text.csr_msprint_string
                0x0000000000000000       0x1c ./lib/perip/src/core.o
 .debug_info    0x0000000000000000      0x51e ./lib/perip/src/core.o
 .debug_abbrev  0x0000000000000000      0x215 ./lib/perip/src/core.o
 .debug_loc     0x0000000000000000      0x128 ./lib/perip/src/core.o
 .debug_aranges
                0x0000000000000000       0x78 ./lib/perip/src/core.o
 .debug_ranges  0x0000000000000000       0x68 ./lib/perip/src/core.o
 .debug_line    0x0000000000000000      0x670 ./lib/perip/src/core.o
 .debug_str     0x0000000000000000      0x347 ./lib/perip/src/core.o
 .comment       0x0000000000000000       0x34 ./lib/perip/src/core.o
 .debug_frame   0x0000000000000000       0xe0 ./lib/perip/src/core.o
 .text          0x0000000000000000        0x0 ./lib/perip/src/ddr.o
 .data          0x0000000000000000        0x0 ./lib/perip/src/ddr.o
 .bss           0x0000000000000000        0x0 ./lib/perip/src/ddr.o
 .text.ddr_read_line
                0x0000000000000000       0xbc ./lib/perip/src/ddr.o
 .text.ddr_write_line
                0x0000000000000000       0xc0 ./lib/perip/src/ddr.o
 .text.ddr_read_write_line
                0x0000000000000000      0x128 ./lib/perip/src/ddr.o
 .rodata.ddr_read_line.str1.4
                0x0000000000000000       0x37 ./lib/perip/src/ddr.o
 .rodata.ddr_write_line.str1.4
                0x0000000000000000       0x29 ./lib/perip/src/ddr.o
 .sdata.ddr     0x0000000000000000        0x4 ./lib/perip/src/ddr.o
 .debug_info    0x0000000000000000      0x3a8 ./lib/perip/src/ddr.o
 .debug_abbrev  0x0000000000000000      0x12c ./lib/perip/src/ddr.o
 .debug_loc     0x0000000000000000       0x7c ./lib/perip/src/ddr.o
 .debug_aranges
                0x0000000000000000       0x30 ./lib/perip/src/ddr.o
 .debug_ranges  0x0000000000000000       0x20 ./lib/perip/src/ddr.o
 .debug_line    0x0000000000000000      0x604 ./lib/perip/src/ddr.o
 .debug_str     0x0000000000000000      0x243 ./lib/perip/src/ddr.o
 .comment       0x0000000000000000       0x34 ./lib/perip/src/ddr.o
 .debug_frame   0x0000000000000000       0x80 ./lib/perip/src/ddr.o
 .text          0x0000000000000000        0x0 ./lib/perip/src/dds.o
 .data          0x0000000000000000        0x0 ./lib/perip/src/dds.o
 .bss           0x0000000000000000        0x0 ./lib/perip/src/dds.o
 .text          0x0000000000000000        0x0 ./lib/perip/src/dso.o
 .data          0x0000000000000000        0x0 ./lib/perip/src/dso.o
 .bss           0x0000000000000000        0x0 ./lib/perip/src/dso.o
 .text          0x0000000000000000        0x0 ./lib/perip/src/eth.o
 .data          0x0000000000000000        0x0 ./lib/perip/src/eth.o
 .bss           0x0000000000000000        0x0 ./lib/perip/src/eth.o
 .text.eth_dds_set_wave
                0x0000000000000000        0xc ./lib/perip/src/eth.o
 .text.eth_dds_set_amp
                0x0000000000000000        0xc ./lib/perip/src/eth.o
 .text.eth_dds_set_freq
                0x0000000000000000        0xc ./lib/perip/src/eth.o
 .text.eth_dds_set_min
                0x0000000000000000        0xc ./lib/perip/src/eth.o
 .text.eth_dds_set_phsae
                0x0000000000000000        0xc ./lib/perip/src/eth.o
 .text.eth_dds_en
                0x0000000000000000        0xc ./lib/perip/src/eth.o
 .text.eth_dds_get_wave
                0x0000000000000000        0xc ./lib/perip/src/eth.o
 .text.eth_dds_get_amp
                0x0000000000000000        0xc ./lib/perip/src/eth.o
 .text.eth_dds_get_freq
                0x0000000000000000        0xc ./lib/perip/src/eth.o
 .text.eth_dds_get_min
                0x0000000000000000        0xc ./lib/perip/src/eth.o
 .text.eth_dds_get_phsae
                0x0000000000000000        0xc ./lib/perip/src/eth.o
 .text.eth_dds_get_en
                0x0000000000000000        0xc ./lib/perip/src/eth.o
 .debug_info    0x0000000000000000      0x2e3 ./lib/perip/src/eth.o
 .debug_abbrev  0x0000000000000000      0x111 ./lib/perip/src/eth.o
 .debug_aranges
                0x0000000000000000       0x78 ./lib/perip/src/eth.o
 .debug_ranges  0x0000000000000000       0x68 ./lib/perip/src/eth.o
 .debug_line    0x0000000000000000      0x41f ./lib/perip/src/eth.o
 .debug_str     0x0000000000000000      0x2d4 ./lib/perip/src/eth.o
 .comment       0x0000000000000000       0x34 ./lib/perip/src/eth.o
 .debug_frame   0x0000000000000000       0xd0 ./lib/perip/src/eth.o
 .text          0x0000000000000000        0x0 ./lib/perip/src/fpioa.o
 .data          0x0000000000000000        0x0 ./lib/perip/src/fpioa.o
 .bss           0x0000000000000000        0x0 ./lib/perip/src/fpioa.o
 .text.fpioa_out_read
                0x0000000000000000       0x14 ./lib/perip/src/fpioa.o
 .text.fpioa_in_read
                0x0000000000000000       0x14 ./lib/perip/src/fpioa.o
 .text.fpioa_nio_din_read
                0x0000000000000000        0xc ./lib/perip/src/fpioa.o
 .text.fpioa_nio_dout_write
                0x0000000000000000        0xc ./lib/perip/src/fpioa.o
 .text.fpioa_nio_dout_read
                0x0000000000000000        0xc ./lib/perip/src/fpioa.o
 .text.fpioa_nio_mode_write
                0x0000000000000000       0x5c ./lib/perip/src/fpioa.o
 .text.fpioa_nio_mode_read
                0x0000000000000000       0x10 ./lib/perip/src/fpioa.o
 .text.fpioa_eli_mode_set
                0x0000000000000000       0x40 ./lib/perip/src/fpioa.o
 .text          0x0000000000000000        0x0 ./lib/perip/src/la.o
 .data          0x0000000000000000        0x0 ./lib/perip/src/la.o
 .bss           0x0000000000000000        0x0 ./lib/perip/src/la.o
 .text          0x0000000000000000        0x0 ./lib/perip/src/plic.o
 .data          0x0000000000000000        0x0 ./lib/perip/src/plic.o
 .bss           0x0000000000000000        0x0 ./lib/perip/src/plic.o
 .text.plic_source_priority_set
                0x0000000000000000       0x14 ./lib/perip/src/plic.o
 .text.plic_source_priority_read
                0x0000000000000000       0x14 ./lib/perip/src/plic.o
 .text.plic_source_ip_read
                0x0000000000000000       0x14 ./lib/perip/src/plic.o
 .text.plic_ie_set
                0x0000000000000000       0x30 ./lib/perip/src/plic.o
 .text.plic_ie_read
                0x0000000000000000       0x14 ./lib/perip/src/plic.o
 .text.plic_ith_set
                0x0000000000000000        0xc ./lib/perip/src/plic.o
 .text.plic_eip_id_read
                0x0000000000000000        0xc ./lib/perip/src/plic.o
 .debug_info    0x0000000000000000      0x2e7 ./lib/perip/src/plic.o
 .debug_abbrev  0x0000000000000000      0x173 ./lib/perip/src/plic.o
 .debug_loc     0x0000000000000000      0x19a ./lib/perip/src/plic.o
 .debug_aranges
                0x0000000000000000       0x50 ./lib/perip/src/plic.o
 .debug_ranges  0x0000000000000000       0x40 ./lib/perip/src/plic.o
 .debug_line    0x0000000000000000      0x400 ./lib/perip/src/plic.o
 .debug_str     0x0000000000000000      0x2a1 ./lib/perip/src/plic.o
 .comment       0x0000000000000000       0x34 ./lib/perip/src/plic.o
 .debug_frame   0x0000000000000000       0x80 ./lib/perip/src/plic.o
 .text          0x0000000000000000        0x0 ./lib/perip/src/sdrd.o
 .data          0x0000000000000000        0x0 ./lib/perip/src/sdrd.o
 .bss           0x0000000000000000        0x0 ./lib/perip/src/sdrd.o
 .text.sdrd_init_state_read
                0x0000000000000000        0xc ./lib/perip/src/sdrd.o
 .text.sdrd_busy_chk
                0x0000000000000000        0xc ./lib/perip/src/sdrd.o
 .text.sdrd_buffer_read
                0x0000000000000000       0x14 ./lib/perip/src/sdrd.o
 .text.sdrd_sector_set
                0x0000000000000000        0xc ./lib/perip/src/sdrd.o
 .debug_info    0x0000000000000000      0x219 ./lib/perip/src/sdrd.o
 .debug_abbrev  0x0000000000000000      0x126 ./lib/perip/src/sdrd.o
 .debug_loc     0x0000000000000000       0x21 ./lib/perip/src/sdrd.o
 .debug_aranges
                0x0000000000000000       0x38 ./lib/perip/src/sdrd.o
 .debug_ranges  0x0000000000000000       0x28 ./lib/perip/src/sdrd.o
 .debug_line    0x0000000000000000      0x2c4 ./lib/perip/src/sdrd.o
 .debug_str     0x0000000000000000      0x274 ./lib/perip/src/sdrd.o
 .comment       0x0000000000000000       0x34 ./lib/perip/src/sdrd.o
 .debug_frame   0x0000000000000000       0x50 ./lib/perip/src/sdrd.o
 .text          0x0000000000000000        0x0 ./lib/perip/src/spi.o
 .data          0x0000000000000000        0x0 ./lib/perip/src/spi.o
 .bss           0x0000000000000000        0x0 ./lib/perip/src/spi.o
 .text.spi_cp_model
                0x0000000000000000       0x14 ./lib/perip/src/spi.o
 .text.spi_sclk_div
                0x0000000000000000        0xc ./lib/perip/src/spi.o
 .text.spi_set_cs
                0x0000000000000000       0x28 ./lib/perip/src/spi.o
 .text.spi_send_byte
                0x0000000000000000       0x20 ./lib/perip/src/spi.o
 .text.spi_sdrv_byte
                0x0000000000000000       0x40 ./lib/perip/src/spi.o
 .text.spi_busy_chk
                0x0000000000000000        0xc ./lib/perip/src/spi.o
 .text.spi_irq_ctrl
                0x0000000000000000       0x20 ./lib/perip/src/spi.o
 .text.spi_send_bytes
                0x0000000000000000       0x50 ./lib/perip/src/spi.o
 .text.spi_read_bytes
                0x0000000000000000       0x54 ./lib/perip/src/spi.o
 .debug_info    0x0000000000000000      0x451 ./lib/perip/src/spi.o
 .debug_abbrev  0x0000000000000000      0x1af ./lib/perip/src/spi.o
 .debug_loc     0x0000000000000000      0x2b3 ./lib/perip/src/spi.o
 .debug_aranges
                0x0000000000000000       0x60 ./lib/perip/src/spi.o
 .debug_ranges  0x0000000000000000       0x50 ./lib/perip/src/spi.o
 .debug_line    0x0000000000000000      0x5b4 ./lib/perip/src/spi.o
 .debug_str     0x0000000000000000      0x2c5 ./lib/perip/src/spi.o
 .comment       0x0000000000000000       0x34 ./lib/perip/src/spi.o
 .debug_frame   0x0000000000000000       0xc8 ./lib/perip/src/spi.o
 .text          0x0000000000000000        0x0 ./lib/perip/src/timer.o
 .data          0x0000000000000000        0x0 ./lib/perip/src/timer.o
 .bss           0x0000000000000000        0x0 ./lib/perip/src/timer.o
 .text.timer_en_ctrl
                0x0000000000000000       0x30 ./lib/perip/src/timer.o
 .text.timer_cmpol_ctrl
                0x0000000000000000       0x30 ./lib/perip/src/timer.o
 .text.timer_div_set
                0x0000000000000000       0x20 ./lib/perip/src/timer.o
 .text.timer_overflow_set
                0x0000000000000000       0x10 ./lib/perip/src/timer.o
 .text.timer_cmpval_set
                0x0000000000000000       0x14 ./lib/perip/src/timer.o
 .text.timer_cnt_val_read
                0x0000000000000000       0x14 ./lib/perip/src/timer.o
 .text.timer_capi_trig_set
                0x0000000000000000       0x34 ./lib/perip/src/timer.o
 .text.timer_capi_trig_read
                0x0000000000000000       0x20 ./lib/perip/src/timer.o
 .text.timer_cap_val_read
                0x0000000000000000        0xc ./lib/perip/src/timer.o
 .text.timer_of_irq_ctrl
                0x0000000000000000       0x28 ./lib/perip/src/timer.o
 .debug_info    0x0000000000000000      0x381 ./lib/perip/src/timer.o
 .debug_abbrev  0x0000000000000000      0x18f ./lib/perip/src/timer.o
 .debug_loc     0x0000000000000000      0x200 ./lib/perip/src/timer.o
 .debug_aranges
                0x0000000000000000       0x68 ./lib/perip/src/timer.o
 .debug_ranges  0x0000000000000000       0x58 ./lib/perip/src/timer.o
 .debug_line    0x0000000000000000      0x5f8 ./lib/perip/src/timer.o
 .debug_str     0x0000000000000000      0x31c ./lib/perip/src/timer.o
 .comment       0x0000000000000000       0x34 ./lib/perip/src/timer.o
 .debug_frame   0x0000000000000000       0xb0 ./lib/perip/src/timer.o
 .text          0x0000000000000000        0x0 ./lib/perip/src/trap.o
 .data          0x0000000000000000        0x0 ./lib/perip/src/trap.o
 .bss           0x0000000000000000        0x0 ./lib/perip/src/trap.o
 .text.trap_global_ctrl
                0x0000000000000000       0x1c ./lib/perip/src/trap.o
 .text.trap_en_ctrl
                0x0000000000000000       0x20 ./lib/perip/src/trap.o
 .text.trap_mip_state
                0x0000000000000000       0x10 ./lib/perip/src/trap.o
 .debug_info    0x0000000000000000      0x25e ./lib/perip/src/trap.o
 .debug_abbrev  0x0000000000000000      0x148 ./lib/perip/src/trap.o
 .debug_loc     0x0000000000000000       0xd9 ./lib/perip/src/trap.o
 .debug_aranges
                0x0000000000000000       0x30 ./lib/perip/src/trap.o
 .debug_ranges  0x0000000000000000       0x20 ./lib/perip/src/trap.o
 .debug_line    0x0000000000000000      0x326 ./lib/perip/src/trap.o
 .debug_str     0x0000000000000000      0x258 ./lib/perip/src/trap.o
 .comment       0x0000000000000000       0x34 ./lib/perip/src/trap.o
 .debug_frame   0x0000000000000000       0x40 ./lib/perip/src/trap.o
 .text          0x0000000000000000        0x0 ./lib/perip/src/uart.o
 .data          0x0000000000000000        0x0 ./lib/perip/src/uart.o
 .bss           0x0000000000000000        0x0 ./lib/perip/src/uart.o
 .text.uart_send_date
                0x0000000000000000       0x14 ./lib/perip/src/uart.o
 .text.uart_send_string
                0x0000000000000000       0x4c ./lib/perip/src/uart.o
 .text.uart_irq_ctrl
                0x0000000000000000       0x30 ./lib/perip/src/uart.o
 .text          0x0000000000000000        0x0 ./lib/driver/src/nor25_flash.o
 .data          0x0000000000000000        0x0 ./lib/driver/src/nor25_flash.o
 .bss           0x0000000000000000        0x0 ./lib/driver/src/nor25_flash.o
 .text.n25q_write_enable
                0x0000000000000000       0x8c ./lib/driver/src/nor25_flash.o
 .text.n25q_read_status_reg
                0x0000000000000000       0x84 ./lib/driver/src/nor25_flash.o
 .text.n25q_is_busy
                0x0000000000000000       0x20 ./lib/driver/src/nor25_flash.o
 .text.n25q_init
                0x0000000000000000       0x40 ./lib/driver/src/nor25_flash.o
 .text.n25q_read_id
                0x0000000000000000       0x74 ./lib/driver/src/nor25_flash.o
 .text.n25q_read_data
                0x0000000000000000       0xb0 ./lib/driver/src/nor25_flash.o
 .text.n25q_subsector_erase
                0x0000000000000000       0xd0 ./lib/driver/src/nor25_flash.o
 .text.n25q_sector_erase
                0x0000000000000000       0xc0 ./lib/driver/src/nor25_flash.o
 .text.n25q_page_program
                0x0000000000000000       0xe0 ./lib/driver/src/nor25_flash.o
 .debug_info    0x0000000000000000      0x7c7 ./lib/driver/src/nor25_flash.o
 .debug_abbrev  0x0000000000000000      0x15d ./lib/driver/src/nor25_flash.o
 .debug_loc     0x0000000000000000      0x29a ./lib/driver/src/nor25_flash.o
 .debug_aranges
                0x0000000000000000       0x60 ./lib/driver/src/nor25_flash.o
 .debug_ranges  0x0000000000000000       0x50 ./lib/driver/src/nor25_flash.o
 .debug_line    0x0000000000000000      0x68d ./lib/driver/src/nor25_flash.o
 .debug_str     0x0000000000000000      0x351 ./lib/driver/src/nor25_flash.o
 .comment       0x0000000000000000       0x34 ./lib/driver/src/nor25_flash.o
 .debug_frame   0x0000000000000000      0x148 ./lib/driver/src/nor25_flash.o
 .text          0x0000000000000000        0x0 ./lib/driver/src/printf.o
 .data          0x0000000000000000        0x0 ./lib/driver/src/printf.o
 .bss           0x0000000000000000        0x0 ./lib/driver/src/printf.o
 .text._out_buffer
                0x0000000000000000       0x10 ./lib/driver/src/printf.o
 .text._out_fct
                0x0000000000000000       0x28 ./lib/driver/src/printf.o
 .text.sprintf_
                0x0000000000000000       0x48 ./lib/driver/src/printf.o
 .text.snprintf_
                0x0000000000000000       0x44 ./lib/driver/src/printf.o
 .text.vprintf_
                0x0000000000000000       0x34 ./lib/driver/src/printf.o
 .text.vsnprintf_
                0x0000000000000000       0x34 ./lib/driver/src/printf.o
 .text.fctprintf
                0x0000000000000000       0x4c ./lib/driver/src/printf.o
 .text          0x0000000000000000        0x0 ./app/main.o
 .data          0x0000000000000000        0x0 ./app/main.o
 .bss           0x0000000000000000        0x0 ./app/main.o
 .text          0x0000000000000000        0x0 ./app/trap_handler.o
 .data          0x0000000000000000        0x0 ./app/trap_handler.o
 .bss           0x0000000000000000        0x0 ./app/trap_handler.o
 .text          0x0000000000000000        0x0 d:/tools/mounriver/mounriver_studio/toolchain/risc-v embedded gcc/bin/../lib/gcc/riscv-none-embed/8.2.0/rv32em/ilp32e\libgcc.a(_udivdi3.o)
 .data          0x0000000000000000        0x0 d:/tools/mounriver/mounriver_studio/toolchain/risc-v embedded gcc/bin/../lib/gcc/riscv-none-embed/8.2.0/rv32em/ilp32e\libgcc.a(_udivdi3.o)
 .bss           0x0000000000000000        0x0 d:/tools/mounriver/mounriver_studio/toolchain/risc-v embedded gcc/bin/../lib/gcc/riscv-none-embed/8.2.0/rv32em/ilp32e\libgcc.a(_udivdi3.o)
 .eh_frame      0x0000000000000000       0x50 d:/tools/mounriver/mounriver_studio/toolchain/risc-v embedded gcc/bin/../lib/gcc/riscv-none-embed/8.2.0/rv32em/ilp32e\libgcc.a(_udivdi3.o)
 .text          0x0000000000000000        0x0 d:/tools/mounriver/mounriver_studio/toolchain/risc-v embedded gcc/bin/../lib/gcc/riscv-none-embed/8.2.0/rv32em/ilp32e\libgcc.a(_umoddi3.o)
 .data          0x0000000000000000        0x0 d:/tools/mounriver/mounriver_studio/toolchain/risc-v embedded gcc/bin/../lib/gcc/riscv-none-embed/8.2.0/rv32em/ilp32e\libgcc.a(_umoddi3.o)
 .bss           0x0000000000000000        0x0 d:/tools/mounriver/mounriver_studio/toolchain/risc-v embedded gcc/bin/../lib/gcc/riscv-none-embed/8.2.0/rv32em/ilp32e\libgcc.a(_umoddi3.o)
 .eh_frame      0x0000000000000000       0x5c d:/tools/mounriver/mounriver_studio/toolchain/risc-v embedded gcc/bin/../lib/gcc/riscv-none-embed/8.2.0/rv32em/ilp32e\libgcc.a(_umoddi3.o)
 .text          0x0000000000000000        0x0 d:/tools/mounriver/mounriver_studio/toolchain/risc-v embedded gcc/bin/../lib/gcc/riscv-none-embed/8.2.0/rv32em/ilp32e\libgcc.a(muldf3.o)
 .data          0x0000000000000000        0x0 d:/tools/mounriver/mounriver_studio/toolchain/risc-v embedded gcc/bin/../lib/gcc/riscv-none-embed/8.2.0/rv32em/ilp32e\libgcc.a(muldf3.o)
 .bss           0x0000000000000000        0x0 d:/tools/mounriver/mounriver_studio/toolchain/risc-v embedded gcc/bin/../lib/gcc/riscv-none-embed/8.2.0/rv32em/ilp32e\libgcc.a(muldf3.o)
 .text          0x0000000000000000        0x0 d:/tools/mounriver/mounriver_studio/toolchain/risc-v embedded gcc/bin/../lib/gcc/riscv-none-embed/8.2.0/rv32em/ilp32e\libgcc.a(fixunssfsi.o)
 .data          0x0000000000000000        0x0 d:/tools/mounriver/mounriver_studio/toolchain/risc-v embedded gcc/bin/../lib/gcc/riscv-none-embed/8.2.0/rv32em/ilp32e\libgcc.a(fixunssfsi.o)
 .bss           0x0000000000000000        0x0 d:/tools/mounriver/mounriver_studio/toolchain/risc-v embedded gcc/bin/../lib/gcc/riscv-none-embed/8.2.0/rv32em/ilp32e\libgcc.a(fixunssfsi.o)
 .text          0x0000000000000000        0x0 d:/tools/mounriver/mounriver_studio/toolchain/risc-v embedded gcc/bin/../lib/gcc/riscv-none-embed/8.2.0/rv32em/ilp32e\libgcc.a(floatunsisf.o)
 .data          0x0000000000000000        0x0 d:/tools/mounriver/mounriver_studio/toolchain/risc-v embedded gcc/bin/../lib/gcc/riscv-none-embed/8.2.0/rv32em/ilp32e\libgcc.a(floatunsisf.o)
 .bss           0x0000000000000000        0x0 d:/tools/mounriver/mounriver_studio/toolchain/risc-v embedded gcc/bin/../lib/gcc/riscv-none-embed/8.2.0/rv32em/ilp32e\libgcc.a(floatunsisf.o)
 .text          0x0000000000000000        0x0 d:/tools/mounriver/mounriver_studio/toolchain/risc-v embedded gcc/bin/../lib/gcc/riscv-none-embed/8.2.0/rv32em/ilp32e\libgcc.a(extendsfdf2.o)
 .data          0x0000000000000000        0x0 d:/tools/mounriver/mounriver_studio/toolchain/risc-v embedded gcc/bin/../lib/gcc/riscv-none-embed/8.2.0/rv32em/ilp32e\libgcc.a(extendsfdf2.o)
 .bss           0x0000000000000000        0x0 d:/tools/mounriver/mounriver_studio/toolchain/risc-v embedded gcc/bin/../lib/gcc/riscv-none-embed/8.2.0/rv32em/ilp32e\libgcc.a(extendsfdf2.o)
 .text          0x0000000000000000        0x0 d:/tools/mounriver/mounriver_studio/toolchain/risc-v embedded gcc/bin/../lib/gcc/riscv-none-embed/8.2.0/rv32em/ilp32e\libgcc.a(truncdfsf2.o)
 .data          0x0000000000000000        0x0 d:/tools/mounriver/mounriver_studio/toolchain/risc-v embedded gcc/bin/../lib/gcc/riscv-none-embed/8.2.0/rv32em/ilp32e\libgcc.a(truncdfsf2.o)
 .bss           0x0000000000000000        0x0 d:/tools/mounriver/mounriver_studio/toolchain/risc-v embedded gcc/bin/../lib/gcc/riscv-none-embed/8.2.0/rv32em/ilp32e\libgcc.a(truncdfsf2.o)
 .text          0x0000000000000000        0x0 d:/tools/mounriver/mounriver_studio/toolchain/risc-v embedded gcc/bin/../lib/gcc/riscv-none-embed/8.2.0/rv32em/ilp32e\libgcc.a(_clz.o)
 .data          0x0000000000000000        0x0 d:/tools/mounriver/mounriver_studio/toolchain/risc-v embedded gcc/bin/../lib/gcc/riscv-none-embed/8.2.0/rv32em/ilp32e\libgcc.a(_clz.o)
 .bss           0x0000000000000000        0x0 d:/tools/mounriver/mounriver_studio/toolchain/risc-v embedded gcc/bin/../lib/gcc/riscv-none-embed/8.2.0/rv32em/ilp32e\libgcc.a(_clz.o)
 .text          0x0000000000000000        0x0 d:/tools/mounriver/mounriver_studio/toolchain/risc-v embedded gcc/bin/../lib/gcc/riscv-none-embed/8.2.0/rv32em/ilp32e\libgcc.a(_clzsi2.o)
 .data          0x0000000000000000        0x0 d:/tools/mounriver/mounriver_studio/toolchain/risc-v embedded gcc/bin/../lib/gcc/riscv-none-embed/8.2.0/rv32em/ilp32e\libgcc.a(_clzsi2.o)
 .bss           0x0000000000000000        0x0 d:/tools/mounriver/mounriver_studio/toolchain/risc-v embedded gcc/bin/../lib/gcc/riscv-none-embed/8.2.0/rv32em/ilp32e\libgcc.a(_clzsi2.o)

Memory Configuration

Name             Origin             Length             Attributes
iram             0x0000000000000000 0x0000000000008000 xr
sram             0x0000000020000000 0x0000000000004000 rw
*default*        0x0000000000000000 0xffffffffffffffff

Linker script and memory map

LOAD ./lib/startup/init.o
LOAD ./lib/startup/startup.o
LOAD ./lib/perip/src/core.o
LOAD ./lib/perip/src/ddr.o
LOAD ./lib/perip/src/dds.o
LOAD ./lib/perip/src/dso.o
LOAD ./lib/perip/src/eth.o
LOAD ./lib/perip/src/fpioa.o
LOAD ./lib/perip/src/la.o
LOAD ./lib/perip/src/plic.o
LOAD ./lib/perip/src/sdrd.o
LOAD ./lib/perip/src/spi.o
LOAD ./lib/perip/src/timer.o
LOAD ./lib/perip/src/trap.o
LOAD ./lib/perip/src/uart.o
LOAD ./lib/driver/src/nor25_flash.o
LOAD ./lib/driver/src/printf.o
LOAD ./app/main.o
LOAD ./app/trap_handler.o
LOAD d:/tools/mounriver/mounriver_studio/toolchain/risc-v embedded gcc/bin/../lib/gcc/riscv-none-embed/8.2.0/rv32em/ilp32e\libgcc.a
LOAD d:/tools/mounriver/mounriver_studio/toolchain/risc-v embedded gcc/bin/../lib/gcc/riscv-none-embed/8.2.0/../../../../riscv-none-embed/lib/rv32em/ilp32e\libg_nano.a
LOAD d:/tools/mounriver/mounriver_studio/toolchain/risc-v embedded gcc/bin/../lib/gcc/riscv-none-embed/8.2.0/../../../../riscv-none-embed/lib/rv32em/ilp32e\libc_nano.a
LOAD d:/tools/mounriver/mounriver_studio/toolchain/risc-v embedded gcc/bin/../lib/gcc/riscv-none-embed/8.2.0/rv32em/ilp32e\libgcc.a
START GROUP
LOAD d:/tools/mounriver/mounriver_studio/toolchain/risc-v embedded gcc/bin/../lib/gcc/riscv-none-embed/8.2.0/rv32em/ilp32e\libgcc.a
LOAD d:/tools/mounriver/mounriver_studio/toolchain/risc-v embedded gcc/bin/../lib/gcc/riscv-none-embed/8.2.0/../../../../riscv-none-embed/lib/rv32em/ilp32e\libc_nano.a
LOAD d:/tools/mounriver/mounriver_studio/toolchain/risc-v embedded gcc/bin/../lib/gcc/riscv-none-embed/8.2.0/../../../../riscv-none-embed/lib/rv32em/ilp32e\libnosys.a
END GROUP
START GROUP
LOAD d:/tools/mounriver/mounriver_studio/toolchain/risc-v embedded gcc/bin/../lib/gcc/riscv-none-embed/8.2.0/rv32em/ilp32e\libgcc.a
LOAD d:/tools/mounriver/mounriver_studio/toolchain/risc-v embedded gcc/bin/../lib/gcc/riscv-none-embed/8.2.0/../../../../riscv-none-embed/lib/rv32em/ilp32e\libc_nano.a
LOAD d:/tools/mounriver/mounriver_studio/toolchain/risc-v embedded gcc/bin/../lib/gcc/riscv-none-embed/8.2.0/../../../../riscv-none-embed/lib/rv32em/ilp32e\libnosys.a
END GROUP
                0x0000000000000000                _use_sd_iap = 0x0
                0x0000000000008000                _cpu_iram_size = 0x8000
                0x0000000000004000                _cpu_sram_size = 0x4000
                0x0000000000001000                _cpu_stack_size = 0x1000
                0x0000000000000000                _iap_prog_size = _use_sd_iap?0x400:0x0
                0x0000000000000000                _app_base_addr = _iap_prog_size
                0x0000000020000000                _sram_base_addr = 0x20000000
                0x0000000000008000                _app_prog_size = (_cpu_iram_size - _iap_prog_size)
                0x0000000000001000                __stack_size = DEFINED (__stack_size)?__stack_size:_cpu_stack_size

.init           0x0000000000000000       0xb0
 *(SORT_NONE(.init))
 .init          0x0000000000000000       0xb0 ./lib/startup/startup.o
                0x0000000000000000                _start
                0x0000000000000070                trap_vector_tab

.text           0x00000000000000b0     0x2d8c
 *(.text.unlikely .text.unlikely.*)
 *(.text.startup .text.startup.*)
 *(.text .text.*)
 .text.sparrowrv_system_init
                0x00000000000000b0       0x68 ./lib/startup/init.o
                0x00000000000000b0                sparrowrv_system_init
 .text          0x0000000000000118       0x38 ./lib/startup/startup.o
                0x0000000000000118                HardFault_Handler
                0x0000000000000124                PLIC0_Handler
                0x0000000000000128                PLIC1_FPIOA_ELI0_Handler
                0x000000000000012c                PLIC2_FPIOA_ELI1_Handler
                0x0000000000000130                PLIC3_FPIOA_ELI2_Handler
                0x0000000000000134                PLIC4_FPIOA_ELI3_Handler
                0x0000000000000138                PLIC5_UART0_TX_Handler
                0x000000000000013c                PLIC6_UART0_RX_Handler
                0x0000000000000140                PLIC7_UART1_TX_Handler
                0x0000000000000144                PLIC8_UART1_RX_Handler
                0x0000000000000148                PLIC9_TIMER0_OF_Handler
                0x000000000000014c                PLIC10_SPI0_END_Handler
 .text.dds_set_amp
                0x0000000000000150        0xc ./lib/perip/src/dds.o
                0x0000000000000150                dds_set_amp
 .text.dds_set_freq
                0x000000000000015c        0xc ./lib/perip/src/dds.o
                0x000000000000015c                dds_set_freq
 .text.dds_set_min
                0x0000000000000168        0xc ./lib/perip/src/dds.o
                0x0000000000000168                dds_set_min
 .text.dds_set_phase
                0x0000000000000174        0xc ./lib/perip/src/dds.o
                0x0000000000000174                dds_set_phase
 .text.dds_wavetype
                0x0000000000000180        0xc ./lib/perip/src/dds.o
                0x0000000000000180                dds_wavetype
 .text.dds_get_state
                0x000000000000018c       0x30 ./lib/perip/src/dds.o
                0x000000000000018c                dds_get_state
 .text.dso_set_trig_level
                0x00000000000001bc        0xc ./lib/perip/src/dso.o
                0x00000000000001bc                dso_set_trig_level
 .text.dso_set_deci_rate
                0x00000000000001c8        0xc ./lib/perip/src/dso.o
                0x00000000000001c8                dso_set_deci_rate
 .text.dso_set_wave_run
                0x00000000000001d4        0xc ./lib/perip/src/dso.o
                0x00000000000001d4                dso_set_wave_run
 .text.dso_set_trig_edge
                0x00000000000001e0        0xc ./lib/perip/src/dso.o
                0x00000000000001e0                dso_set_trig_edge
 .text.dso_set_v_scale
                0x00000000000001ec        0xc ./lib/perip/src/dso.o
                0x00000000000001ec                dso_set_v_scale
 .text.dso_set_fft_en
                0x00000000000001f8        0xc ./lib/perip/src/dso.o
                0x00000000000001f8                dso_set_fft_en
 .text.dso_get_freq
                0x0000000000000204        0xc ./lib/perip/src/dso.o
                0x0000000000000204                dso_get_freq
 .text.dso_get_vpp
                0x0000000000000210        0xc ./lib/perip/src/dso.o
                0x0000000000000210                dso_get_vpp
 .text.dso_get_max
                0x000000000000021c        0xc ./lib/perip/src/dso.o
                0x000000000000021c                dso_get_max
 .text.dso_get_min
                0x0000000000000228        0xc ./lib/perip/src/dso.o
                0x0000000000000228                dso_get_min
 .text.dso_set_fir_en
                0x0000000000000234        0xc ./lib/perip/src/dso.o
                0x0000000000000234                dso_set_fir_en
 .text.dso_set_trig_line
                0x0000000000000240        0xc ./lib/perip/src/dso.o
                0x0000000000000240                dso_set_trig_line
 .text.fpioa_perips_out_set
                0x000000000000024c       0x14 ./lib/perip/src/fpioa.o
                0x000000000000024c                fpioa_perips_out_set
 .text.fpioa_perips_in_set
                0x0000000000000260       0x14 ./lib/perip/src/fpioa.o
                0x0000000000000260                fpioa_perips_in_set
 .text.la_set_data
                0x0000000000000274        0xc ./lib/perip/src/la.o
                0x0000000000000274                la_set_data
 .text.la_set_trgen
                0x0000000000000280        0xc ./lib/perip/src/la.o
                0x0000000000000280                la_set_trgen
 .text.la_set_chnsel
                0x000000000000028c        0xc ./lib/perip/src/la.o
                0x000000000000028c                la_set_chnsel
 .text.la_set_modesel
                0x0000000000000298        0xc ./lib/perip/src/la.o
                0x0000000000000298                la_set_modesel
 .text.la_set_freqsel
                0x00000000000002a4        0xc ./lib/perip/src/la.o
                0x00000000000002a4                la_set_freqsel
 .text.la_set_prenum
                0x00000000000002b0        0xc ./lib/perip/src/la.o
                0x00000000000002b0                la_set_prenum
 .text.la_get_data
                0x00000000000002bc        0xc ./lib/perip/src/la.o
                0x00000000000002bc                la_get_data
 .text.la_get_trgen
                0x00000000000002c8        0xc ./lib/perip/src/la.o
                0x00000000000002c8                la_get_trgen
 .text.la_get_chnsel
                0x00000000000002d4        0xc ./lib/perip/src/la.o
                0x00000000000002d4                la_get_chnsel
 .text.la_get_modesel
                0x00000000000002e0        0xc ./lib/perip/src/la.o
                0x00000000000002e0                la_get_modesel
 .text.la_get_freqsel
                0x00000000000002ec        0xc ./lib/perip/src/la.o
                0x00000000000002ec                la_get_freqsel
 .text.la_get_prenum
                0x00000000000002f8        0xc ./lib/perip/src/la.o
                0x00000000000002f8                la_get_prenum
 .text.la_set_uart_en
                0x0000000000000304        0xc ./lib/perip/src/la.o
                0x0000000000000304                la_set_uart_en
 .text.la_set_spi_en
                0x0000000000000310        0xc ./lib/perip/src/la.o
                0x0000000000000310                la_set_spi_en
 .text.la_set_interval
                0x000000000000031c        0xc ./lib/perip/src/la.o
                0x000000000000031c                la_set_interval
 .text.uart_enable_ctrl
                0x0000000000000328       0x24 ./lib/perip/src/uart.o
                0x0000000000000328                uart_enable_ctrl
 .text.uart_band_ctrl
                0x000000000000034c       0x10 ./lib/perip/src/uart.o
                0x000000000000034c                uart_band_ctrl
 .text.uart_recv_date
                0x000000000000035c       0x18 ./lib/perip/src/uart.o
                0x000000000000035c                uart_recv_date
 .text.uart_recv_flg
                0x0000000000000374       0x10 ./lib/perip/src/uart.o
                0x0000000000000374                uart_recv_flg
 .text._out_null
                0x0000000000000384        0x4 ./lib/driver/src/printf.o
 .text._ntoa_format
                0x0000000000000388      0x368 ./lib/driver/src/printf.o
 .text._ntoa_long
                0x00000000000006f0       0xe4 ./lib/driver/src/printf.o
 .text._ntoa_long_long
                0x00000000000007d4      0x168 ./lib/driver/src/printf.o
 .text._vsnprintf
                0x000000000000093c      0x994 ./lib/driver/src/printf.o
 .text.init_uart0_printf
                0x00000000000012d0       0x40 ./lib/driver/src/printf.o
                0x00000000000012d0                init_uart0_printf
 .text._putchar
                0x0000000000001310       0x20 ./lib/driver/src/printf.o
                0x0000000000001310                _putchar
 .text._out_char
                0x0000000000001330       0x20 ./lib/driver/src/printf.o
 .text.printf_  0x0000000000001350       0x48 ./lib/driver/src/printf.o
                0x0000000000001350                printf_
 .text.get_cmd  0x0000000000001398       0x68 ./app/main.o
                0x0000000000001398                get_cmd
 .text.clear_cmd
                0x0000000000001400       0x38 ./app/main.o
                0x0000000000001400                clear_cmd
 .text.get_param
                0x0000000000001438       0x5c ./app/main.o
                0x0000000000001438                get_param
 .text.main     0x0000000000001494      0x3ac ./app/main.o
                0x0000000000001494                main
 .text.SysTick_Handler
                0x0000000000001840        0x4 ./app/trap_handler.o
                0x0000000000001840                SysTick_Handler
 .text.SW_Handler
                0x0000000000001844        0x4 ./app/trap_handler.o
                0x0000000000001844                SW_Handler
 .text.__udivdi3
                0x0000000000001848      0x4d0 d:/tools/mounriver/mounriver_studio/toolchain/risc-v embedded gcc/bin/../lib/gcc/riscv-none-embed/8.2.0/rv32em/ilp32e\libgcc.a(_udivdi3.o)
                0x0000000000001848                __udivdi3
 .text.__umoddi3
                0x0000000000001d18      0x4b4 d:/tools/mounriver/mounriver_studio/toolchain/risc-v embedded gcc/bin/../lib/gcc/riscv-none-embed/8.2.0/rv32em/ilp32e\libgcc.a(_umoddi3.o)
                0x0000000000001d18                __umoddi3
 .text.__muldf3
                0x00000000000021cc      0x760 d:/tools/mounriver/mounriver_studio/toolchain/risc-v embedded gcc/bin/../lib/gcc/riscv-none-embed/8.2.0/rv32em/ilp32e\libgcc.a(muldf3.o)
                0x00000000000021cc                __muldf3
 .text.__fixunssfsi
                0x000000000000292c       0x64 d:/tools/mounriver/mounriver_studio/toolchain/risc-v embedded gcc/bin/../lib/gcc/riscv-none-embed/8.2.0/rv32em/ilp32e\libgcc.a(fixunssfsi.o)
                0x000000000000292c                __fixunssfsi
 .text.__floatunsisf
                0x0000000000002990      0x124 d:/tools/mounriver/mounriver_studio/toolchain/risc-v embedded gcc/bin/../lib/gcc/riscv-none-embed/8.2.0/rv32em/ilp32e\libgcc.a(floatunsisf.o)
                0x0000000000002990                __floatunsisf
 .text.__extendsfdf2
                0x0000000000002ab4      0x100 d:/tools/mounriver/mounriver_studio/toolchain/risc-v embedded gcc/bin/../lib/gcc/riscv-none-embed/8.2.0/rv32em/ilp32e\libgcc.a(extendsfdf2.o)
                0x0000000000002ab4                __extendsfdf2
 .text.__truncdfsf2
                0x0000000000002bb4      0x1f4 d:/tools/mounriver/mounriver_studio/toolchain/risc-v embedded gcc/bin/../lib/gcc/riscv-none-embed/8.2.0/rv32em/ilp32e\libgcc.a(truncdfsf2.o)
                0x0000000000002bb4                __truncdfsf2
 .text.__clzsi2
                0x0000000000002da8       0x94 d:/tools/mounriver/mounriver_studio/toolchain/risc-v embedded gcc/bin/../lib/gcc/riscv-none-embed/8.2.0/rv32em/ilp32e\libgcc.a(_clzsi2.o)
                0x0000000000002da8                __clzsi2
 *(.gnu.linkonce.t.*)
                0x0000000000002e3c                . = ALIGN (0x4)
                [!provide]                        PROVIDE (__etext = .)
                [!provide]                        PROVIDE (_etext = .)
                [!provide]                        PROVIDE (etext = .)

.preinit_array  0x0000000000002e3c        0x0
                [!provide]                        PROVIDE (__preinit_array_start = .)
 *(.preinit_array)
                [!provide]                        PROVIDE (__preinit_array_end = .)

.init_array     0x0000000000002e3c        0x0
                [!provide]                        PROVIDE (__init_array_start = .)
 *(SORT_BY_INIT_PRIORITY(.init_array.*) SORT_BY_INIT_PRIORITY(.ctors.*))
 *(.init_array EXCLUDE_FILE(*crtend?.o *crtend.o *crtbegin?.o *crtbegin.o) .ctors)
                [!provide]                        PROVIDE (__init_array_end = .)

.fini_array     0x0000000000002e3c        0x0
                [!provide]                        PROVIDE (__fini_array_start = .)
 *(SORT_BY_INIT_PRIORITY(.fini_array.*) SORT_BY_INIT_PRIORITY(.dtors.*))
 *(.fini_array EXCLUDE_FILE(*crtend?.o *crtend.o *crtbegin?.o *crtbegin.o) .dtors)
                [!provide]                        PROVIDE (__fini_array_end = .)

.ctors
 *crtbegin.o(.ctors)
 *crtbegin?.o(.ctors)
 *(EXCLUDE_FILE(*crtend?.o *crtend.o) .ctors)
 *(SORT_BY_NAME(.ctors.*))
 *(.ctors)

.dtors
 *crtbegin.o(.dtors)
 *crtbegin?.o(.dtors)
 *(EXCLUDE_FILE(*crtend?.o *crtend.o) .dtors)
 *(SORT_BY_NAME(.dtors.*))
 *(.dtors)

.lalign         0x0000000000002e3c        0x0
                0x0000000000002e3c                . = ALIGN (0x4)
                0x0000000000002e3c                PROVIDE (_data_lma = .)

.dalign         0x0000000020000000        0x0 load address 0x0000000000002e3c
                0x0000000020000000                . = ALIGN (0x4)
                0x0000000020000000                PROVIDE (_data = .)

.data           0x0000000020000000      0x610 load address 0x0000000000002e3c
 *(.rdata)
 *(.rodata .rodata.*)
 .rodata._vsnprintf
                0x0000000020000000      0x194 ./lib/driver/src/printf.o
 .rodata.main   0x0000000020000194      0x1bc ./app/main.o
 .rodata.clear_cmd.str1.4
                0x0000000020000350       0x10 ./app/main.o
 .rodata.get_param.str1.4
                0x0000000020000360       0x14 ./app/main.o
 *fill*         0x0000000020000374        0x4 
 .rodata.main.cst8
                0x0000000020000378        0x8 ./app/main.o
 .rodata.main.str1.4
                0x0000000020000380      0x14c ./app/main.o
 .rodata.__muldf3
                0x00000000200004cc       0x40 d:/tools/mounriver/mounriver_studio/toolchain/risc-v embedded gcc/bin/../lib/gcc/riscv-none-embed/8.2.0/rv32em/ilp32e\libgcc.a(muldf3.o)
 .rodata.__clz_tab
                0x000000002000050c      0x100 d:/tools/mounriver/mounriver_studio/toolchain/risc-v embedded gcc/bin/../lib/gcc/riscv-none-embed/8.2.0/rv32em/ilp32e\libgcc.a(_clz.o)
                0x000000002000050c                __clz_tab
 *(.gnu.linkonce.r.*)
 *(.data .data.*)
 *(.gnu.linkonce.d.*)
                0x0000000020000610                . = ALIGN (0x8)
 *fill*         0x000000002000060c        0x4 
                0x0000000020000e10                PROVIDE (__global_pointer$ = (. + 0x800))
 *(.sdata .sdata.*)
 *(.gnu.linkonce.s.*)
                0x0000000020000610                . = ALIGN (0x8)
 *(.srodata.cst16)
 *(.srodata.cst8)
 *(.srodata.cst4)
 *(.srodata.cst2)
 *(.srodata .srodata.*)

.rela.dyn       0x0000000020000610        0x0 load address 0x000000000000344c
 .rela.text.sparrowrv_system_init
                0x0000000020000610        0x0 ./lib/startup/init.o
 .rela.init     0x0000000020000610        0x0 ./lib/startup/init.o
 .rela.text.uart_band_ctrl
                0x0000000020000610        0x0 ./lib/startup/init.o
                0x0000000020000610                . = ALIGN (0x4)
                0x0000000020000610                PROVIDE (_edata = .)
                [!provide]                        PROVIDE (edata = .)
                [!provide]                        PROVIDE (_fbss = .)
                0x0000000020000610                PROVIDE (__bss_start = .)

.bss            0x0000000020000610       0x18
 *(.sbss*)
 *(.gnu.linkonce.sb.*)
 *(.bss .bss.*)
 *(.gnu.linkonce.b.*)
 *(COMMON)
 COMMON         0x0000000020000610       0x18 ./lib/startup/init.o
                0x0000000020000610                system_sram_size
                0x0000000020000614                n25q_spi_sel
                0x0000000020000618                system_cpu_freqM
                0x000000002000061c                system_vendorid
                0x0000000020000620                system_cpu_freq
                0x0000000020000624                system_iram_size
                0x0000000020000628                . = ALIGN (0x4)
                0x0000000020000628                . = ALIGN (0x8)
                0x0000000020000628                PROVIDE (_end = .)
                [!provide]                        PROVIDE (end = .)

.stack          0x0000000020003000     0x1000 load address 0x0000000020000628
                [!provide]                        PROVIDE (_heap_end = .)
                0x0000000000001000                . = __stack_size
 *fill*         0x0000000020003000     0x1000 
                0x0000000020004000                PROVIDE (_sp = .)
OUTPUT(SparrowRV_APP.elf elf32-littleriscv)

.debug_info     0x0000000000000000     0x2fe1
 .debug_info    0x0000000000000000      0x1de ./lib/startup/init.o
 .debug_info    0x00000000000001de       0x22 ./lib/startup/startup.o
 .debug_info    0x0000000000000200      0x2a3 ./lib/perip/src/dds.o
 .debug_info    0x00000000000004a3      0x301 ./lib/perip/src/dso.o
 .debug_info    0x00000000000007a4      0x3a5 ./lib/perip/src/fpioa.o
 .debug_info    0x0000000000000b49      0x352 ./lib/perip/src/la.o
 .debug_info    0x0000000000000e9b      0x336 ./lib/perip/src/uart.o
 .debug_info    0x00000000000011d1     0x1377 ./lib/driver/src/printf.o
 .debug_info    0x0000000000002548      0x8f0 ./app/main.o
 .debug_info    0x0000000000002e38      0x1a9 ./app/trap_handler.o

.debug_abbrev   0x0000000000000000      0xdb0
 .debug_abbrev  0x0000000000000000      0x10f ./lib/startup/init.o
 .debug_abbrev  0x000000000000010f       0x12 ./lib/startup/startup.o
 .debug_abbrev  0x0000000000000121      0x12a ./lib/perip/src/dds.o
 .debug_abbrev  0x000000000000024b      0x111 ./lib/perip/src/dso.o
 .debug_abbrev  0x000000000000035c      0x19e ./lib/perip/src/fpioa.o
 .debug_abbrev  0x00000000000004fa      0x111 ./lib/perip/src/la.o
 .debug_abbrev  0x000000000000060b      0x170 ./lib/perip/src/uart.o
 .debug_abbrev  0x000000000000077b      0x3ab ./lib/driver/src/printf.o
 .debug_abbrev  0x0000000000000b26      0x1c2 ./app/main.o
 .debug_abbrev  0x0000000000000ce8       0xc8 ./app/trap_handler.o

.debug_loc      0x0000000000000000     0x2069
 .debug_loc     0x0000000000000000       0x13 ./lib/startup/init.o
 .debug_loc     0x0000000000000013       0x63 ./lib/perip/src/dds.o
 .debug_loc     0x0000000000000076      0x18b ./lib/perip/src/fpioa.o
 .debug_loc     0x0000000000000201       0xcb ./lib/perip/src/uart.o
 .debug_loc     0x00000000000002cc     0x1b8e ./lib/driver/src/printf.o
 .debug_loc     0x0000000000001e5a      0x20f ./app/main.o

.debug_aranges  0x0000000000000000      0x348
 .debug_aranges
                0x0000000000000000       0x20 ./lib/startup/init.o
 .debug_aranges
                0x0000000000000020       0x28 ./lib/startup/startup.o
 .debug_aranges
                0x0000000000000048       0x48 ./lib/perip/src/dds.o
 .debug_aranges
                0x0000000000000090       0x78 ./lib/perip/src/dso.o
 .debug_aranges
                0x0000000000000108       0x68 ./lib/perip/src/fpioa.o
 .debug_aranges
                0x0000000000000170       0x90 ./lib/perip/src/la.o
 .debug_aranges
                0x0000000000000200       0x50 ./lib/perip/src/uart.o
 .debug_aranges
                0x0000000000000250       0x98 ./lib/driver/src/printf.o
 .debug_aranges
                0x00000000000002e8       0x38 ./app/main.o
 .debug_aranges
                0x0000000000000320       0x28 ./app/trap_handler.o

.debug_ranges   0x0000000000000000      0x3d8
 .debug_ranges  0x0000000000000000       0x10 ./lib/startup/init.o
 .debug_ranges  0x0000000000000010       0x20 ./lib/startup/startup.o
 .debug_ranges  0x0000000000000030       0x38 ./lib/perip/src/dds.o
 .debug_ranges  0x0000000000000068       0x68 ./lib/perip/src/dso.o
 .debug_ranges  0x00000000000000d0       0x58 ./lib/perip/src/fpioa.o
 .debug_ranges  0x0000000000000128       0x80 ./lib/perip/src/la.o
 .debug_ranges  0x00000000000001a8       0x40 ./lib/perip/src/uart.o
 .debug_ranges  0x00000000000001e8      0x198 ./lib/driver/src/printf.o
 .debug_ranges  0x0000000000000380       0x40 ./app/main.o
 .debug_ranges  0x00000000000003c0       0x18 ./app/trap_handler.o

.debug_line     0x0000000000000000     0x3d27
 .debug_line    0x0000000000000000      0x301 ./lib/startup/init.o
 .debug_line    0x0000000000000301      0x180 ./lib/startup/startup.o
 .debug_line    0x0000000000000481      0x389 ./lib/perip/src/dds.o
 .debug_line    0x000000000000080a      0x41e ./lib/perip/src/dso.o
 .debug_line    0x0000000000000c28      0x560 ./lib/perip/src/fpioa.o
 .debug_line    0x0000000000001188      0x4a1 ./lib/perip/src/la.o
 .debug_line    0x0000000000001629      0x481 ./lib/perip/src/uart.o
 .debug_line    0x0000000000001aaa     0x1944 ./lib/driver/src/printf.o
 .debug_line    0x00000000000033ee      0x6f3 ./app/main.o
 .debug_line    0x0000000000003ae1      0x246 ./app/trap_handler.o

.debug_str      0x0000000000000000      0x893
 .debug_str     0x0000000000000000      0x1dd ./lib/startup/init.o
                                        0x225 (size before relaxing)
 .debug_str     0x00000000000001dd       0x56 ./lib/startup/startup.o
 .debug_str     0x0000000000000233       0x65 ./lib/perip/src/dds.o
                                        0x268 (size before relaxing)
 .debug_str     0x0000000000000298       0xd0 ./lib/perip/src/dso.o
                                        0x30b (size before relaxing)
 .debug_str     0x0000000000000368      0x16d ./lib/perip/src/fpioa.o
                                        0x371 (size before relaxing)
 .debug_str     0x00000000000004d5       0xe9 ./lib/perip/src/la.o
                                        0x31d (size before relaxing)
 .debug_str     0x00000000000005be       0xb5 ./lib/perip/src/uart.o
                                        0x2c2 (size before relaxing)
 .debug_str     0x0000000000000673      0x1ae ./lib/driver/src/printf.o
                                        0x430 (size before relaxing)
 .debug_str     0x0000000000000821       0x41 ./app/main.o
                                        0x487 (size before relaxing)
 .debug_str     0x0000000000000862       0x31 ./app/trap_handler.o
                                        0x224 (size before relaxing)

.comment        0x0000000000000000       0x33
 .comment       0x0000000000000000       0x33 ./lib/startup/init.o
                                         0x34 (size before relaxing)
 .comment       0x0000000000000033       0x34 ./lib/perip/src/dds.o
 .comment       0x0000000000000033       0x34 ./lib/perip/src/dso.o
 .comment       0x0000000000000033       0x34 ./lib/perip/src/fpioa.o
 .comment       0x0000000000000033       0x34 ./lib/perip/src/la.o
 .comment       0x0000000000000033       0x34 ./lib/perip/src/uart.o
 .comment       0x0000000000000033       0x34 ./lib/driver/src/printf.o
 .comment       0x0000000000000033       0x34 ./app/main.o
 .comment       0x0000000000000033       0x34 ./app/trap_handler.o

.debug_frame    0x0000000000000000      0x754
 .debug_frame   0x0000000000000000       0x20 ./lib/startup/init.o
 .debug_frame   0x0000000000000020       0x70 ./lib/perip/src/dds.o
 .debug_frame   0x0000000000000090       0xd0 ./lib/perip/src/dso.o
 .debug_frame   0x0000000000000160       0xb0 ./lib/perip/src/fpioa.o
 .debug_frame   0x0000000000000210      0x100 ./lib/perip/src/la.o
 .debug_frame   0x0000000000000310       0x94 ./lib/perip/src/uart.o
 .debug_frame   0x00000000000003a4      0x1dc ./lib/driver/src/printf.o
 .debug_frame   0x0000000000000580       0x8c ./app/main.o
 .debug_frame   0x000000000000060c       0x30 ./app/trap_handler.o
 .debug_frame   0x000000000000063c       0x38 d:/tools/mounriver/mounriver_studio/toolchain/risc-v embedded gcc/bin/../lib/gcc/riscv-none-embed/8.2.0/rv32em/ilp32e\libgcc.a(muldf3.o)
 .debug_frame   0x0000000000000674       0x20 d:/tools/mounriver/mounriver_studio/toolchain/risc-v embedded gcc/bin/../lib/gcc/riscv-none-embed/8.2.0/rv32em/ilp32e\libgcc.a(fixunssfsi.o)
 .debug_frame   0x0000000000000694       0x48 d:/tools/mounriver/mounriver_studio/toolchain/risc-v embedded gcc/bin/../lib/gcc/riscv-none-embed/8.2.0/rv32em/ilp32e\libgcc.a(floatunsisf.o)
 .debug_frame   0x00000000000006dc       0x38 d:/tools/mounriver/mounriver_studio/toolchain/risc-v embedded gcc/bin/../lib/gcc/riscv-none-embed/8.2.0/rv32em/ilp32e\libgcc.a(extendsfdf2.o)
 .debug_frame   0x0000000000000714       0x20 d:/tools/mounriver/mounriver_studio/toolchain/risc-v embedded gcc/bin/../lib/gcc/riscv-none-embed/8.2.0/rv32em/ilp32e\libgcc.a(truncdfsf2.o)
 .debug_frame   0x0000000000000734       0x20 d:/tools/mounriver/mounriver_studio/toolchain/risc-v embedded gcc/bin/../lib/gcc/riscv-none-embed/8.2.0/rv32em/ilp32e\libgcc.a(_clzsi2.o)
